[    0.000000] Linux version 4.15.0-70-generic (buildd@lgw01-amd64-055) (gcc version 7.4.0 (Ubuntu 7.4.0-1ubuntu1~18.04.1)) #79-Ubuntu SMP Tue Nov 12 10:36:11 UTC 2019 (Ubuntu 4.15.0-70.79-generic 4.15.18)
[    0.000000] Command line: BOOT_IMAGE=/boot/vmlinuz-4.15.0-70-generic root=LABEL=cloudimg-rootfs ro console=tty1 console=ttyS0
[    0.000000] KERNEL supported cpus:
[    0.000000]   Intel GenuineIntel
[    0.000000]   AMD AuthenticAMD
[    0.000000]   Centaur CentaurHauls
[    0.000000] x86/fpu: Supporting XSAVE feature 0x001: 'x87 floating point registers'
[    0.000000] x86/fpu: Supporting XSAVE feature 0x002: 'SSE registers'
[    0.000000] x86/fpu: Supporting XSAVE feature 0x004: 'AVX registers'
[    0.000000] x86/fpu: xstate_offset[2]:  576, xstate_sizes[2]:  256
[    0.000000] x86/fpu: Enabled xstate features 0x7, context size is 832 bytes, using 'standard' format.
[    0.000000] e820: BIOS-provided physical RAM map:
[    0.000000] BIOS-e820: [mem 0x0000000000000000-0x000000000009fbff] usable
[    0.000000] BIOS-e820: [mem 0x000000000009fc00-0x000000000009ffff] reserved
[    0.000000] BIOS-e820: [mem 0x00000000000f0000-0x00000000000fffff] reserved
[    0.000000] BIOS-e820: [mem 0x0000000000100000-0x000000001ffeffff] usable
[    0.000000] BIOS-e820: [mem 0x000000001fff0000-0x000000001fffffff] ACPI data
[    0.000000] BIOS-e820: [mem 0x00000000fec00000-0x00000000fec00fff] reserved
[    0.000000] BIOS-e820: [mem 0x00000000fee00000-0x00000000fee00fff] reserved
[    0.000000] BIOS-e820: [mem 0x00000000fffc0000-0x00000000ffffffff] reserved
[    0.000000] NX (Execute Disable) protection: active
[    0.000000] SMBIOS 2.5 present.
[    0.000000] DMI: innotek GmbH VirtualBox/VirtualBox, BIOS VirtualBox 12/01/2006
[    0.000000] Hypervisor detected: KVM
[    0.000000] e820: last_pfn = 0x1fff0 max_arch_pfn = 0x400000000
[    0.000000] MTRR: Disabled
[    0.000000] x86/PAT: MTRRs disabled, skipping PAT initialization too.
[    0.000000] CPU MTRRs all blank - virtualized system.
[    0.000000] x86/PAT: Configuration [0-7]: WB  WT  UC- UC  WB  WT  UC- UC  
[    0.000000] found SMP MP-table at [mem 0x0009fff0-0x0009ffff]
[    0.000000] Scanning 1 areas for low memory corruption
[    0.000000] RAMDISK: [mem 0x1dc02000-0x1eeb4fff]
[    0.000000] ACPI: Early table checksum verification disabled
[    0.000000] ACPI: RSDP 0x00000000000E0000 000024 (v02 VBOX  )
[    0.000000] ACPI: XSDT 0x000000001FFF0030 00003C (v01 VBOX   VBOXXSDT 00000001 ASL  00000061)
[    0.000000] ACPI: FACP 0x000000001FFF00F0 0000F4 (v04 VBOX   VBOXFACP 00000001 ASL  00000061)
[    0.000000] ACPI: DSDT 0x000000001FFF0470 0021FF (v02 VBOX   VBOXBIOS 00000002 INTL 20180105)
[    0.000000] ACPI: FACS 0x000000001FFF0200 000040
[    0.000000] ACPI: FACS 0x000000001FFF0200 000040
[    0.000000] ACPI: APIC 0x000000001FFF0240 000054 (v02 VBOX   VBOXAPIC 00000001 ASL  00000061)
[    0.000000] ACPI: SSDT 0x000000001FFF02A0 0001CC (v01 VBOX   VBOXCPUT 00000002 INTL 20180105)
[    0.000000] No NUMA configuration found
[    0.000000] Faking a node at [mem 0x0000000000000000-0x000000001ffeffff]
[    0.000000] NODE_DATA(0) allocated [mem 0x1ffc5000-0x1ffeffff]
[    0.000000] kvm-clock: cpu 0, msr 0:1ff44001, primary cpu clock
[    0.000000] kvm-clock: Using msrs 4b564d01 and 4b564d00
[    0.000000] kvm-clock: using sched offset of 6823720174 cycles
[    0.000000] clocksource: kvm-clock: mask: 0xffffffffffffffff max_cycles: 0x1cd42e4dffb, max_idle_ns: 881590591483 ns
[    0.000000] Zone ranges:
[    0.000000]   DMA      [mem 0x0000000000001000-0x0000000000ffffff]
[    0.000000]   DMA32    [mem 0x0000000001000000-0x000000001ffeffff]
[    0.000000]   Normal   empty
[    0.000000]   Device   empty
[    0.000000] Movable zone start for each node
[    0.000000] Early memory node ranges
[    0.000000]   node   0: [mem 0x0000000000001000-0x000000000009efff]
[    0.000000]   node   0: [mem 0x0000000000100000-0x000000001ffeffff]
[    0.000000] Reserved but unavailable: 98 pages
[    0.000000] Initmem setup node 0 [mem 0x0000000000001000-0x000000001ffeffff]
[    0.000000] ACPI: PM-Timer IO Port: 0x4008
[    0.000000] IOAPIC[0]: apic_id 1, version 32, address 0xfec00000, GSI 0-23
[    0.000000] ACPI: INT_SRC_OVR (bus 0 bus_irq 0 global_irq 2 dfl dfl)
[    0.000000] ACPI: INT_SRC_OVR (bus 0 bus_irq 9 global_irq 9 low level)
[    0.000000] Using ACPI (MADT) for SMP configuration information
[    0.000000] smpboot: Allowing 1 CPUs, 0 hotplug CPUs
[    0.000000] PM: Registered nosave memory: [mem 0x00000000-0x00000fff]
[    0.000000] PM: Registered nosave memory: [mem 0x0009f000-0x0009ffff]
[    0.000000] PM: Registered nosave memory: [mem 0x000a0000-0x000effff]
[    0.000000] PM: Registered nosave memory: [mem 0x000f0000-0x000fffff]
[    0.000000] e820: [mem 0x20000000-0xfebfffff] available for PCI devices
[    0.000000] Booting paravirtualized kernel on KVM
[    0.000000] clocksource: refined-jiffies: mask: 0xffffffff max_cycles: 0xffffffff, max_idle_ns: 7645519600211568 ns
[    0.000000] random: get_random_bytes called from start_kernel+0x99/0x4fd with crng_init=0
[    0.000000] setup_percpu: NR_CPUS:8192 nr_cpumask_bits:1 nr_cpu_ids:1 nr_node_ids:1
[    0.000000] percpu: Embedded 45 pages/cpu s147456 r8192 d28672 u2097152
[    0.000000] PV qspinlock hash table entries: 256 (order: 0, 4096 bytes)
[    0.000000] Built 1 zonelists, mobility grouping on.  Total pages: 128889
[    0.000000] Policy zone: DMA32
[    0.000000] Kernel command line: BOOT_IMAGE=/boot/vmlinuz-4.15.0-70-generic root=LABEL=cloudimg-rootfs ro console=tty1 console=ttyS0
[    0.000000] Memory: 467524K/523832K available (12300K kernel code, 2481K rwdata, 4264K rodata, 2432K init, 2388K bss, 56308K reserved, 0K cma-reserved)
[    0.000000] SLUB: HWalign=64, Order=0-3, MinObjects=0, CPUs=1, Nodes=1
[    0.000000] Kernel/User page tables isolation: enabled
[    0.000000] ftrace: allocating 39315 entries in 154 pages
[    0.004000] Hierarchical RCU implementation.
[    0.004000] 	RCU restricting CPUs from NR_CPUS=8192 to nr_cpu_ids=1.
[    0.004000] 	Tasks RCU enabled.
[    0.004000] RCU: Adjusting geometry for rcu_fanout_leaf=16, nr_cpu_ids=1
[    0.004000] NR_IRQS: 524544, nr_irqs: 256, preallocated irqs: 16
[    0.004000] Console: colour VGA+ 80x25
[    0.004000] console [tty1] enabled
[    0.004000] console [ttyS0] enabled
[    0.004000] ACPI: Core revision 20170831
[    0.004000] ACPI: 2 ACPI AML tables successfully acquired and loaded
[    0.004000] APIC: Switch to symmetric I/O mode setup
[    0.004000] x2apic enabled
[    0.004011] Switched APIC routing to physical x2apic.
[    0.006513] ..TIMER: vector=0x30 apic1=0 pin1=2 apic2=-1 pin2=-1
[    0.008005] tsc: Detected 1696.158 MHz processor
[    0.009264] Calibrating delay loop (skipped) preset value.. 3392.31 BogoMIPS (lpj=6784632)
[    0.012016] pid_max: default: 32768 minimum: 301
[    0.016074] Security Framework initialized
[    0.020014] Yama: becoming mindful.
[    0.024064] AppArmor: AppArmor initialized
[    0.028158] Dentry cache hash table entries: 65536 (order: 7, 524288 bytes)
[    0.030274] Inode-cache hash table entries: 32768 (order: 6, 262144 bytes)
[    0.032058] Mount-cache hash table entries: 1024 (order: 1, 8192 bytes)
[    0.036028] Mountpoint-cache hash table entries: 1024 (order: 1, 8192 bytes)
[    0.040365] process: using mwait in idle threads
[    0.044021] Last level iTLB entries: 4KB 512, 2MB 8, 4MB 8
[    0.048011] Last level dTLB entries: 4KB 512, 2MB 32, 4MB 32, 1GB 0
[    0.052009] Spectre V1 : Mitigation: usercopy/swapgs barriers and __user pointer sanitization
[    0.056012] Spectre V2 : Mitigation: Full generic retpoline
[    0.060009] Spectre V2 : Spectre v2 / SpectreRSB mitigation: Filling RSB on context switch
[    0.064012] Speculative Store Bypass: Vulnerable
[    0.067509] MDS: Mitigation: Clear CPU buffers
[    0.097139] Freeing SMP alternatives memory: 36K
[    0.214829] smpboot: CPU0: Intel(R) Core(TM) i5-3317U CPU @ 1.70GHz (family: 0x6, model: 0x3a, stepping: 0x9)
[    0.216000] Performance Events: unsupported p6 CPU model 58 no PMU driver, software events only.
[    0.216131] Hierarchical SRCU implementation.
[    0.221130] NMI watchdog: Perf event create on CPU 0 failed with -2
[    0.224021] NMI watchdog: Perf NMI watchdog permanently disabled
[    0.228133] smp: Bringing up secondary CPUs ...
[    0.229634] smp: Brought up 1 node, 1 CPU
[    0.232006] smpboot: Max logical packages: 1
[    0.233381] smpboot: Total of 1 processors activated (3392.31 BogoMIPS)
[    0.235588] devtmpfs: initialized
[    0.236114] x86/mm: Memory block size: 128MB
[    0.237693] evm: security.selinux
[    0.238771] evm: security.SMACK64
[    0.240017] evm: security.SMACK64EXEC
[    0.244013] evm: security.SMACK64TRANSMUTE
[    0.248011] evm: security.SMACK64MMAP
[    0.252013] evm: security.apparmor
[    0.256012] evm: security.ima
[    0.258137] evm: security.capability
[    0.260274] clocksource: jiffies: mask: 0xffffffff max_cycles: 0xffffffff, max_idle_ns: 7645041785100000 ns
[    0.264053] futex hash table entries: 256 (order: 2, 16384 bytes)
[    0.268120] pinctrl core: initialized pinctrl subsystem
[    0.269969] RTC time: 14:26:05, date: 11/30/19
[    0.271562] NET: Registered protocol family 16
[    0.272181] audit: initializing netlink subsys (disabled)
[    0.276295] cpuidle: using governor ladder
[    0.277603] cpuidle: using governor menu
[    0.280015] audit: type=2000 audit(1575123972.284:1): state=initialized audit_enabled=0 res=1
[    0.284107] ACPI: bus type PCI registered
[    0.288014] acpiphp: ACPI Hot Plug PCI Controller Driver version: 0.5
[    0.292226] PCI: Using configuration type 1 for base access
[    0.302177] HugeTLB registered 2.00 MiB page size, pre-allocated 0 pages
[    0.304448] ACPI: Added _OSI(Module Device)
[    0.308021] ACPI: Added _OSI(Processor Device)
[    0.312015] ACPI: Added _OSI(3.0 _SCP Extensions)
[    0.316014] ACPI: Added _OSI(Processor Aggregator Device)
[    0.319760] ACPI: Added _OSI(Linux-Dell-Video)
[    0.320050] ACPI: Added _OSI(Linux-Lenovo-NV-HDMI-Audio)
[    0.324016] ACPI: Added _OSI(Linux-HPI-Hybrid-Graphics)
[    0.326822] ACPI: Executed 1 blocks of module-level executable AML code
[    0.338002] ACPI: Interpreter enabled
[    0.340050] ACPI: (supports S0 S5)
[    0.344012] ACPI: Using IOAPIC for interrupt routing
[    0.348525] PCI: Using host bridge windows from ACPI; if necessary, use "pci=nocrs" and report a bug
[    0.352255] ACPI: Enabled 2 GPEs in block 00 to 07
[    0.365373] ACPI: PCI Root Bridge [PCI0] (domain 0000 [bus 00-ff])
[    0.368027] acpi PNP0A03:00: _OSC: OS supports [ASPM ClockPM Segments MSI]
[    0.372056] acpi PNP0A03:00: _OSC: not requesting OS control; OS requires [ExtendedConfig ASPM ClockPM MSI]
[    0.376045] acpi PNP0A03:00: fail to add MMCONFIG information, can't access extended PCI configuration space under this bridge.
[    0.380589] PCI host bridge to bus 0000:00
[    0.381568] pci_bus 0000:00: root bus resource [io  0x0000-0x0cf7 window]
[    0.383007] pci_bus 0000:00: root bus resource [io  0x0d00-0xffff window]
[    0.384008] pci_bus 0000:00: root bus resource [mem 0x000a0000-0x000bffff window]
[    0.388021] pci_bus 0000:00: root bus resource [mem 0x20000000-0xfdffffff window]
[    0.392020] pci_bus 0000:00: root bus resource [bus 00-ff]
[    0.397897] pci 0000:00:01.1: legacy IDE quirk: reg 0x10: [io  0x01f0-0x01f7]
[    0.400015] pci 0000:00:01.1: legacy IDE quirk: reg 0x14: [io  0x03f6]
[    0.404014] pci 0000:00:01.1: legacy IDE quirk: reg 0x18: [io  0x0170-0x0177]
[    0.408007] pci 0000:00:01.1: legacy IDE quirk: reg 0x1c: [io  0x0376]
[    0.432603] pci 0000:00:07.0: quirk: [io  0x4000-0x403f] claimed by PIIX4 ACPI
[    0.436034] pci 0000:00:07.0: quirk: [io  0x4100-0x410f] claimed by PIIX4 SMB
[    0.453714] ACPI: PCI Interrupt Link [LNKA] (IRQs 5 9 10 *11)
[    0.455877] ACPI: PCI Interrupt Link [LNKB] (IRQs 5 9 *10 11)
[    0.456185] ACPI: PCI Interrupt Link [LNKC] (IRQs 5 *9 10 11)
[    0.460355] ACPI: PCI Interrupt Link [LNKD] (IRQs 5 9 10 *11)
[    0.463185] SCSI subsystem initialized
[    0.464269] pci 0000:00:02.0: vgaarb: setting as boot VGA device
[    0.468000] pci 0000:00:02.0: vgaarb: VGA device added: decodes=io+mem,owns=io+mem,locks=none
[    0.468016] pci 0000:00:02.0: vgaarb: bridge control possible
[    0.472011] vgaarb: loaded
[    0.476080] ACPI: bus type USB registered
[    0.477385] usbcore: registered new interface driver usbfs
[    0.480054] usbcore: registered new interface driver hub
[    0.484041] usbcore: registered new device driver usb
[    0.485614] EDAC MC: Ver: 3.0.0
[    0.487093] PCI: Using ACPI for IRQ routing
[    0.492435] NetLabel: Initializing
[    0.493485] NetLabel:  domain hash size = 128
[    0.496000] NetLabel:  protocols = UNLABELED CIPSOv4 CALIPSO
[    0.496040] NetLabel:  unlabeled traffic allowed by default
[    0.500207] clocksource: Switched to clocksource kvm-clock
[    0.518559] VFS: Disk quotas dquot_6.6.0
[    0.519635] VFS: Dquot-cache hash table entries: 512 (order 0, 4096 bytes)
[    0.521448] AppArmor: AppArmor Filesystem Enabled
[    0.522545] pnp: PnP ACPI init
[    0.524657] pnp: PnP ACPI: found 3 devices
[    0.588074] clocksource: acpi_pm: mask: 0xffffff max_cycles: 0xffffff, max_idle_ns: 2085701024 ns
[    0.591044] NET: Registered protocol family 2
[    0.592848] TCP established hash table entries: 4096 (order: 3, 32768 bytes)
[    0.648085] TCP bind hash table entries: 4096 (order: 4, 65536 bytes)
[    0.680740] TCP: Hash tables configured (established 4096 bind 4096)
[    0.686874] UDP hash table entries: 256 (order: 1, 8192 bytes)
[    0.688674] UDP-Lite hash table entries: 256 (order: 1, 8192 bytes)
[    0.701003] NET: Registered protocol family 1
[    0.702440] pci 0000:00:00.0: Limiting direct PCI/PCI transfers
[    0.718844] pci 0000:00:01.0: Activating ISA DMA hang workarounds
[    0.720802] pci 0000:00:02.0: Video device with shadowed ROM at [mem 0x000c0000-0x000dffff]
[    0.778722] Unpacking initramfs...
[    1.171152] Freeing initrd memory: 19148K
[    1.188081] clocksource: tsc: mask: 0xffffffffffffffff max_cycles: 0x1872f9e1c07, max_idle_ns: 440795251747 ns
[    1.198608] platform rtc_cmos: registered platform RTC device (no PNP device found)
[    1.278954] Scanning for low memory corruption every 60 seconds
[    1.281701] Initialise system trusted keyrings
[    1.287297] Key type blacklist registered
[    1.288229] workingset: timestamp_bits=36 max_order=17 bucket_order=0
[    1.319536] zbud: loaded
[    1.321397] squashfs: version 4.0 (2009/01/31) Phillip Lougher
[    1.339215] fuse init (API version 7.26)
[    1.374321] Key type asymmetric registered
[    1.427694] Asymmetric key parser 'x509' registered
[    1.500618] Block layer SCSI generic (bsg) driver version 0.4 loaded (major 246)
[    1.505076] io scheduler noop registered
[    1.506004] io scheduler deadline registered
[    1.526867] io scheduler cfq registered (default)
[    1.528579] ACPI: AC Adapter [AC] (on-line)
[    1.529901] input: Power Button as /devices/LNXSYSTM:00/LNXPWRBN:00/input/input0
[    1.531984] ACPI: Power Button [PWRF]
[    1.533366] input: Sleep Button as /devices/LNXSYSTM:00/LNXSLPBN:00/input/input1
[    1.535928] ACPI: Sleep Button [SLPF]
[    1.538636] ACPI: Battery Slot [BAT0] (battery present)
[    1.568454] Serial: 8250/16550 driver, 32 ports, IRQ sharing enabled
[    1.619998] 00:02: ttyS0 at I/O 0x3f8 (irq = 4, base_baud = 115200) is a 16550A
[    1.670484] Linux agpgart interface v0.103
[    1.689298] loop: module loaded
[    1.696171] scsi host0: ata_piix
[    1.709251] scsi host1: ata_piix
[    1.710557] ata1: PATA max UDMA/33 cmd 0x1f0 ctl 0x3f6 bmdma 0xd000 irq 14
[    1.758151] ata2: PATA max UDMA/33 cmd 0x170 ctl 0x376 bmdma 0xd008 irq 15
[    1.771865] libphy: Fixed MDIO Bus: probed
[    1.775142] tun: Universal TUN/TAP device driver, 1.6
[    1.776803] PPP generic driver version 2.4.2
[    1.788323] ehci_hcd: USB 2.0 'Enhanced' Host Controller (EHCI) Driver
[    1.808906] ehci-pci: EHCI PCI platform driver
[    1.810487] ehci-platform: EHCI generic platform driver
[    1.811661] ohci_hcd: USB 1.1 'Open' Host Controller (OHCI) Driver
[    1.813034] ohci-pci: OHCI PCI platform driver
[    1.839054] ohci-platform: OHCI generic platform driver
[    1.871601] uhci_hcd: USB Universal Host Controller Interface driver
[    1.899111] i8042: PNP: PS/2 Controller [PNP0303:PS2K,PNP0f03:PS2M] at 0x60,0x64 irq 1,12
[    1.919221] serio: i8042 KBD port at 0x60,0x64 irq 1
[    1.937888] serio: i8042 AUX port at 0x60,0x64 irq 12
[    1.939616] mousedev: PS/2 mouse device common for all mice
[    1.967511] input: AT Translated Set 2 keyboard as /devices/platform/i8042/serio0/input/input2
[    1.998638] rtc_cmos rtc_cmos: rtc core: registered rtc_cmos as rtc0
[    2.000595] rtc_cmos rtc_cmos: alarms up to one day, 114 bytes nvram
[    2.002381] i2c /dev entries driver
[    2.003483] device-mapper: uevent: version 1.0.3
[    2.005283] device-mapper: ioctl: 4.37.0-ioctl (2017-09-20) initialised: dm-devel@redhat.com
[    2.059075] ledtrig-cpu: registered to indicate activity on CPUs
[    2.061516] NET: Registered protocol family 10
[    2.100524] Segment Routing with IPv6
[    2.101897] NET: Registered protocol family 17
[    2.148103] Key type dns_resolver registered
[    2.153311] mce: Using 0 MCE banks
[    2.155761] RAS: Correctable Errors collector initialized.
[    2.159692] sched_clock: Marking stable (2159601942, 0)->(4588724083, -2429122141)
[    2.178128] registered taskstats version 1
[    2.217641] Loading compiled-in X.509 certificates
[    2.263766] Loaded X.509 cert 'Build time autogenerated kernel key: 1859b0531897959199376c446a0bd70df75fd1fc'
[    2.310542] zswap: loaded using pool lzo/zbud
[    2.318459] Key type big_key registered
[    2.367960] Key type trusted registered
[    2.372339] Key type encrypted registered
[    2.388042] AppArmor: AppArmor sha1 policy hashing enabled
[    2.390823] ima: No TPM chip found, activating TPM-bypass! (rc=-19)
[    2.393310] ima: Allocated hash algorithm: sha1
[    2.438104] evm: HMAC attrs: 0x1
[    2.458891]   Magic number: 11:146:436
[    2.461432] rtc_cmos rtc_cmos: setting system clock to 2019-11-30 14:26:08 UTC (1575123968)
[    2.491985] BIOS EDD facility v0.16 2004-Jun-25, 0 devices found
[    2.517773] EDD information not available.
[    2.562480] Freeing unused kernel image memory: 2432K
[    2.572100] Write protecting the kernel read-only data: 20480k
[    2.598201] Freeing unused kernel image memory: 2008K
[    2.600079] Freeing unused kernel image memory: 1880K
[    2.611960] x86/mm: Checked W+X mappings: passed, no W+X pages found.
[    2.617773] x86/mm: Checking user space page tables
[    2.627981] x86/mm: Checked W+X mappings: passed, no W+X pages found.
Loading, please wait...
starting version 237
[    2.797992] e1000: Intel(R) PRO/1000 Network Driver - version 7.3.21-k8-NAPI
[    2.857906] e1000: Copyright (c) 1999-2006 Intel Corporation.
[    2.893233] Fusion MPT base driver 3.04.20
[    2.947968] Copyright (c) 1999-2008 LSI Corporation
[    3.016015] AVX version of gcm_enc/dec engaged.
[    3.067791] AES CTR mode by8 optimization enabled
[    3.110722] Fusion MPT SPI Host driver 3.04.20
[    3.179587] input: ImExPS/2 Generic Explorer Mouse as /devices/platform/i8042/serio1/input/input4
[    3.654653] e1000 0000:00:03.0 eth0: (PCI:33MHz:32-bit) 02:83:96:c1:64:f9
[    3.690193] e1000 0000:00:03.0 eth0: Intel(R) PRO/1000 Network Connection
[    3.709235] mptbase: ioc0: Initiating bringup
[    3.832713] ioc0: LSI53C1030 A0: Capabilities={Initiator}
[    4.079276] scsi host2: ioc0: LSI53C1030 A0, FwRev=00000000h, Ports=1, MaxQ=256, IRQ=20
[    4.252948] scsi 2:0:0:0: Direct-Access     VBOX     HARDDISK         1.0  PQ: 0 ANSI: 5
[    4.292666] scsi target2:0:0: Beginning Domain Validation
[    4.368047] random: fast init done
[    4.446463] scsi target2:0:0: Domain Validation skipping write tests
[    4.477381] scsi target2:0:0: Ending Domain Validation
[    4.571499] scsi target2:0:0: asynchronous
[    4.621355] scsi 2:0:1:0: Direct-Access     VBOX     HARDDISK         1.0  PQ: 0 ANSI: 5
[    4.716295] scsi target2:0:1: Beginning Domain Validation
[    4.767261] scsi target2:0:1: Domain Validation skipping write tests
[    4.808403] scsi target2:0:1: Ending Domain Validation
[    4.944514] scsi target2:0:1: asynchronous
[    4.964384] random: systemd-udevd: uninitialized urandom read (16 bytes read)
[    5.018677] sd 2:0:0:0: [sda] 20971520 512-byte logical blocks: (10.7 GB/10.0 GiB)
[    5.020452] sd 2:0:0:0: [sda] Write Protect is off
[    5.021899] sd 2:0:0:0: Attached scsi generic sg0 type 0
[    5.038276] sd 2:0:0:0: [sda] Incomplete mode parameter data
[    5.039464] sd 2:0:0:0: [sda] Assuming drive cache: write through
[    5.059152] sd 2:0:1:0: Attached scsi generic sg1 type 0
[    5.061556] sd 2:0:1:0: [sdb] 20480 512-byte logical blocks: (10.5 MB/10.0 MiB)
[    5.088929] sd 2:0:1:0: [sdb] Write Protect is off
[    5.169581] random: systemd-udevd: uninitialized urandom read (16 bytes read)
[    5.240888] sd 2:0:1:0: [sdb] Incomplete mode parameter data
[    5.287501] sd 2:0:1:0: [sdb] Assuming drive cache: write through
[    5.289164]  sda: sda1
[    5.317674] e1000 0000:00:08.0 eth1: (PCI:33MHz:32-bit) 08:00:27:e5:52:a2
[    5.368943] e1000 0000:00:08.0 eth1: Intel(R) PRO/1000 Network Connection
[    5.371894] sd 2:0:0:0: [sda] Attached SCSI disk
[    5.374074] random: systemd-udevd: uninitialized urandom read (16 bytes read)
[    5.389472] e1000 0000:00:03.0 enp0s3: renamed from eth0
[    5.448940] sd 2:0:1:0: [sdb] Attached SCSI disk
[    5.539209] e1000 0000:00:08.0 enp0s8: renamed from eth1
Begin: Loading essential drivers ... [    7.177075] raid6: sse2x1   gen()  7483 MB/s
[    7.257091] raid6: sse2x1   xor()  5404 MB/s
[    7.337030] raid6: sse2x2   gen()  8962 MB/s
[    7.397083] raid6: sse2x2   xor()  5622 MB/s
[    7.497091] raid6: sse2x4   gen() 10506 MB/s
[    7.607086] raid6: sse2x4   xor()  7470 MB/s
[    7.687627] raid6: using algorithm sse2x4 gen() 10506 MB/s
[    7.718475] raid6: .... xor() 7470 MB/s, rmw enabled
[    7.719706] raid6: using ssse3x2 recovery algorithm
[    7.724448] xor: automatically using best checksumming function   avx       
[    7.770338] async_tx: api initialized (async)
done.
Begin: Running /scripts/init-premount ... done.
Begin: Mounting [    7.856878] Btrfs loaded, crc32c=crc32c-intel
root file system ... Begin: Running /scripts/local-top ... done.
Begin: Running /scripts/local-premount ... Scanning for Btrfs filesystems
done.
Warning: fsck not present, so skipping root file system
[    7.947955] EXT4-fs (sda1): mounted filesystem with ordered data mode. Opts: (null)
done.
Begin: Running /scripts/local-bottom ... done.
Begin: Running /scripts/init-bottom ... done.
[    8.992946] ip_tables: (C) 2000-2006 Netfilter Core Team
[    9.147809] systemd[1]: systemd 237 running in system mode. (+PAM +AUDIT +SELINUX +IMA +APPARMOR +SMACK +SYSVINIT +UTMP +LIBCRYPTSETUP +GCRYPT +GNUTLS +ACL +XZ +LZ4 +SECCOMP +BLKID +ELFUTILS +KMOD -IDN2 +IDN -PCRE2 default-hierarchy=hybrid)
[    9.199460] systemd[1]: Detected virtualization oracle.
[    9.201166] systemd[1]: Detected architecture x86-64.

Welcome to [1mUbuntu 18.04.3 LTS[0m!

[    9.274669] systemd[1]: Set hostname to <ubuntu>.
[    9.324311] systemd[1]: Initializing machine ID from random generator.
[    9.393593] systemd[1]: Installed transient /etc/machine-id file.
[   10.411486] random: crng init done
[   10.427397] random: 7 urandom warning(s) missed due to ratelimiting
[   10.989202] systemd[1]: Reached target Swap.
[[0;32m  OK  [0m] Reached target Swap.
[   11.010841] systemd[1]: Created slice System Slice.
[[0;32m  OK  [0m] Created slice System Slice.
[   11.013593] systemd[1]: Listening on udev Kernel Socket.
[[0;32m  OK  [0m] Listening on udev Kernel Socket.
[   11.039201] systemd[1]: Listening on Journal Audit Socket.
[[0;32m  OK  [0m] Listening on Journal Audit Socket.
[[0;32m  OK  [0m] Listening on /dev/initctl Compatibility Named Pipe.
[[0;32m  OK  [0m] Listening on LVM2 metadata daemon socket.
[[0;32m  OK  [0m] Created slice User and Session Slice.
[[0;32m  OK  [0m] Reached target Slices.
[[0;32m  OK  [0m] Listening on Network Service Netlink Socket.
[[0;32m  OK  [0m] Listening on Journal Socket.
         Mounting Kernel Debug File System...
         Starting Create list of required stâ€¦ce nodes for the current kernel...
         Starting Uncomplicated firewall...
[[0;32m  OK  [0m] Reached target System Time Synchronized.
[[0;32m  OK  [0m] Listening on Syslog Socket.
         Mounting Huge Pages File System...
[[0;32m  OK  [0m] Listening on LVM2 poll daemon socket.
[[0;32m  OK  [0m] Created slice system-serial\x2dgetty.slice.
[[0;32m  OK  [0m] Reached target User and Group Name Lookups.
         Starting Load Kernel Modules...
[[0;32m  OK  [0m] Started Forward Password Requests to Wall Directory Watch.
         Starting Set the console keyboard layout...
[[0;32m  OK  [0m] Listening on Device-mapper event[   11.291476] Loading iSCSI transport class v2.0-870.
 daemon FIFOs.
         Starting Monitoring of LVM2 mirrorsâ€¦ng dmeventd or progress polling...
         Mounting POSIX Message Queue File System...
[[0;32m  OK  [0m] Listening on udev Control Socket.
         Starting udev Coldplug all Devices...
         Starting Remount Root and Kernel File Systems...
[[0;32m  OK  [0m] Set up automount Arbitrary Executabâ€¦rmats File System Automount Point.
[   11.489062] iscsi: registered transport (tcp)
[   11.526351] iscsi: registered transport (iser)
[[0;32m  OK  [0m] Listening on Journal Socket (/dev/log).
         Starting Journal Service...
[[0;32m  OK  [0m] Mounted Kernel Debug File System.
[[0;32m  OK  [0m] Started Create list of required staâ€¦vice nodes[   11.708280] EXT4-fs (sda1): re-mounted. Opts: (null)
 for the current kernel.
[[0;32m  OK  [0m] Started Uncomplicated firewall.
[[0;32m  OK  [0m] Mounted Huge Pages File System.
[[0;32m  OK  [0m] Started Load Kernel Modules.
[[0;32m  OK  [0m] Mounted POSIX Message Queue File System.
[[0;32m  OK  [0m] Started Remount Root and Kernel File Systems.
         Starting Load/Save Random Seed...
         Starting Apply Kernel Variables...
         Mounting Kernel Configuration File System...
         Mounting FUSE Control File System...
         Starting Create Static Device Nodes in /dev...
[[0;32m  OK  [0m] Started Journal Service.
[[0;32m  OK  [0m] Started udev Coldplug all Devices.
[[0;32m  OK  [0m] Mounted Kernel Configuration File System.
[[0;32m  OK  [0m] Mounted FUSE Control File System.
[[0;32m  OK  [0m] Started LVM2 metadata daemon.
         Starting Flush Journal to Persistent Storage...
[[0;32m  OK  [0m] Started Load/Save Random Seed.
[[0;32m  OK  [0m] Started Set the console keyboard layout.
[[0;32m  OK  [0m] Started Apply Kernel Variables.
[[0;32m  OK  [0m] Started Monitoring of LVM2 mirrors,â€¦sing dmeventd or progress polling.
[[0;32m  OK  [0m] Started Create Static Device Nodes in /dev.
         Starting udev Kernel Device Manager...
[[0;32m  OK  [0m] Reached target Local File Systems (Pre).
[[0;32m  OK  [0m] Reached target Local File Systems.
         Starting AppArmor initialization...
         Starting Commit a transient machine-id on disk...
         Starting Set console font and keymap...
         Starting ebtables ruleset management...
         Starting Tell Plymouth To Write Out Runtime Data...
[[0;32m  OK  [0m] Started Flush Journal to Persistent Storage.
         Starting Create Volatile Files and Directories...
[[0;32m  OK  [0m] Started Set console font and keymap.
[[0;32m  OK  [0m] Started udev Kernel Device Manager.
[[0;32m  OK  [0m] Started Dispatch Password Requests to Console Directory Watch.
[[0;32m  OK  [0m] Reached target Local Encrypted Volumes.
[[0;32m  OK  [0m] Started Tell Plymouth To Write Out Runtime Data.
[[0;32m  OK  [0m] Started Commit a transient machine-id on disk.
[[0;32m  OK  [0m] Started Create Volatile Files and Directories.
         Starting Update UTMP about System Boot/Shutdown...
[[0;32m  OK  [0m] Started Update UTMP about System Boot/Shutdown.
[[0;32m  OK  [0m] Started ebtables ruleset management.
[[0;32m  OK  [0m] Found device /dev/ttyS0.
[[0;32m  OK  [0m] Listening on Load/Save RF Kill Switch Status /dev/rfkill Watch.
[[0;32m  OK  [0m] Started AppArmor initialization.
         Starting Initial cloud-init job (pre-networking)...
[   27.731530] cloud-init[537]: Cloud-init v. 19.2-36-g059d049c-0ubuntu2~18.04.1 running 'init-local' at Sat, 30 Nov 2019 14:26:32 +0000. Up 26.88 seconds.
[[0;32m  OK  [0m] Started Initial cloud-init job (pre-networking).
[[0;32m  OK  [0m] Reached target Network (Pre).
         Starting Network Service...
[[0;32m  OK  [0m] Started Network Service.
         Starting Network Name Resolution...
         Starting Wait for Network to be Configured...
[[0;32m  OK  [0m] Started Network Name Resolution.
[[0;32m  OK  [0m] Reached target Host and Network Name Lookups.
[[0;32m  OK  [0m] Reached target Network.
[[0;32m  OK  [0m] Started Wait for Network to be Configured.
         Starting Initial cloud-init job (metadata service crawler)...
[   30.909475] cloud-init[651]: Cloud-init v. 19.2-36-g059d049c-0ubuntu2~18.04.1 running 'init' at Sat, 30 Nov 2019 14:26:36 +0000. Up 30.64 seconds.
[   30.936488] cloud-init[651]: ci-info: ++++++++++++++++++++++++++++++++++++++Net device info+++++++++++++++++++++++++++++++++++++++
[   30.941277] cloud-init[651]: ci-info: +--------+-------+----------------------------+---------------+--------+-------------------+
[   30.962126] cloud-init[651]: ci-info: | Device |   Up  |          Address           |      Mask     | Scope  |     Hw-Address    |
[   30.965550] cloud-init[651]: ci-info: +--------+-------+----------------------------+---------------+--------+-------------------+
[   31.012316] cloud-init[651]: ci-info: | enp0s3 |  True |         10.0.2.15          | 255.255.255.0 | global | 02:83:96:c1:64:f9 |
[   31.016119] cloud-init[651]: ci-info: | enp0s3 |  True | fe80::83:96ff:fec1:64f9/64 |       .       |  link  | 02:83:96:c1:64:f9 |
[   31.055465] cloud-init[651]: ci-info: | enp0s8 | False |             .              |       .       |   .    | 08:00:27:e5:52:a2 |
[   31.080527] cloud-init[651]: ci-info: |   lo   |  True |         127.0.0.1          |   255.0.0.0   |  host  |         .         |
[   31.093740] cloud-init[651]: ci-info: |   lo   |  True |          ::1/128           |       .       |  host  |         .         |
[   31.131447] cloud-init[651]: ci-info: +--------+-------+----------------------------+---------------+--------+-------------------+
[   31.141591] cloud-init[651]: ci-info: ++++++++++++++++++++++++++++Route IPv4 info+++++++++++++++++++++++++++++
[   31.175433] cloud-init[651]: ci-info: +-------+-------------+----------+-----------------+-----------+-------+
[   31.204520] cloud-init[651]: ci-info: | Route | Destination | Gateway  |     Genmask     | Interface | Flags |
[   31.207513] cloud-init[651]: ci-info: +-------+-------------+----------+-----------------+-----------+-------+
[   31.224233] cloud-init[651]: ci-info: |   0   |   0.0.0.0   | 10.0.2.2 |     0.0.0.0     |   enp0s3  |   UG  |
[   31.252483] cloud-init[651]: ci-info: |   1   |   10.0.2.0  | 0.0.0.0  |  255.255.255.0  |   enp0s3  |   U   |
[   31.257093] cloud-init[651]: ci-info: |   2   |   10.0.2.2  | 0.0.0.0  | 255.255.255.255 |   enp0s3  |   UH  |
[   31.259491] cloud-init[651]: ci-info: +-------+-------------+----------+-----------------+-----------+-------+
[   31.271967] cloud-init[651]: ci-info: +++++++++++++++++++Route IPv6 info+++++++++++++++++++
[   31.290690] cloud-init[651]: ci-info: +-------+-------------+---------+-----------+-------+
[   31.303531] cloud-init[651]: ci-info: | Route | Destination | Gateway | Interface | Flags |
[   31.307016] cloud-init[651]: ci-info: +-------+-------------+---------+-----------+-------+
[   31.309880] cloud-init[651]: ci-info: |   1   |  fe80::/64  |    ::   |   enp0s3  |   U   |
[   31.332531] cloud-init[651]: ci-info: |   3   |    local    |    ::   |   enp0s3  |   U   |
[   31.444495] cloud-init[651]: ci-info: |   4   |   ff00::/8  |    ::   |   enp0s3  |   U   |
[   31.491092] cloud-init[651]: ci-info: +-------+-------------+---------+-----------+-------+
[   32.820591] cloud-init[651]: Generating public/private rsa key pair.
[   32.838003] cloud-init[651]: Your identification has been saved in /etc/ssh/ssh_host_rsa_key.
[   32.840043] cloud-init[651]: Your public key has been saved in /etc/ssh/ssh_host_rsa_key.pub.
[[0;32m  OK  [0m] Started Initial cloud-init job (metadata service crawler).[   32.956308] cloud-init[651]: The key fingerprint is:
[   32.956430] cloud-init[651]: SHA256:qwJqX4tlMu/7TYUGiyDb5C3oST8R1xpgCdQ3IRzLCKk root@ubuntu-bionic
[   32.956520] cloud-init[651]: The key's randomart image is:
[   32.956662] cloud-init[651]: +---[RSA 2048]----+
[   32.956760] cloud-init[651]: |o++=o..          |
[   32.956836] cloud-init[651]: |o +++o.          |
[   32.956906] cloud-init[651]: |.o *.o.o         |
[   32.956975] cloud-init[651]: |E B = + o .      |
[   32.957043] cloud-init[651]: | + = + .So .     |
[   32.957140] cloud-init[651]: |o + o   ...      |
[   32.957223] cloud-init[651]: | + * +  ..       |
[   32.957347] cloud-init[651]: |..  @ ..o        |
[   32.957471] cloud-init[651]: |. .o.*+. .       |
[   32.957560] cloud-init[651]: +----[SHA256]-----+
[   32.957629] cloud-init[651]: Generating public/private dsa key pair.
[   32.957687] cloud-init[651]: Your identification has been saved in /etc/ssh/ssh_host_dsa_key.
[   32.957749] cloud-init[651]: Your public key has been saved in /etc/ssh/ssh_host_dsa_key.pub.
[   32.957807] cloud-init[651]: The key fingerprint is:
[   32.957863] cloud-init[651]: SHA256:igOWCGGGSziC3++nDAh6VOt06GM3ZaNGv+r0rgifPDw root@ubuntu-bionic
[   32.957927] cloud-init[651]: The key's randomart image is:
[   32.957987] cloud-init[651]: +---[DSA 1024]----+
[   32.958046] cloud-init[651]: |=o               |
[   32.958110] cloud-init[651]: |Oo               |
[   32.958167] cloud-init[651]: |++ ..            |
[   32.958229] cloud-init[651]: |o..o.o           |
[   32.958291] cloud-init[651]: |o = +.o S        |
[   32.958349] cloud-init[651]: |.+ * +.* .       |
[   32.958405] cloud-init[651]: |. +.O.B .        |
[   32.958469] cloud-init[651]: | . =E@.o..       |
[   32.958528] cloud-init[651]: |    =+**+        |
[   32.958592] cloud-init[651]: +----[SHA256]-----+
[   32.958649] cloud-init[651]: Generating public/private ecdsa key pair.
[   32.958711] cloud-init[651]: Your identification has been saved in /etc/ssh/ssh_host_ecdsa_key.
[   32.958774] cloud-init[651]: Your public key has been saved in /etc/ssh/ssh_host_ecdsa_key.pub.
[   32.958837] cloud-init[651]: The key fingerprint is:
[   32.958903] cloud-init[651]: SHA256:ItVE3EGsQsmpVuzlcYnH6QPy7olPn4mkHk6lm9jZI60 root@ubuntu-bionic
[   32.958963] cloud-init[651]: The key's randomart image is:
[   32.959020] cloud-init[651]: +---[ECDSA 256]---+
[   32.959082] cloud-init[651]: |     o =o*o+     |
[   32.959145] cloud-init[651]: |      Oo* O      |
[   32.959208] cloud-init[651]: |     =.=.B       |
[   32.959266] cloud-init[651]: |    o.o + o      |
[   32.959322] cloud-init[651]: |   .. .oS  .     |
[   32.959378] cloud-init[651]: |     . +.        |
[   32.959443] cloud-init[651]: |      ++o.       |
[   32.959506] cloud-init[651]: |     =oX=o o     |
[   32.959563] cloud-init[651]: |    ..E++.+      |
[   32.959624] cloud-init[651]: +----[SHA256]-----+
[   32.959688] cloud-init[651]: Generating public/private ed25519 key pair.
[   32.959750] cloud-init[651]: Your identification has been saved in /etc/ssh/ssh_host_ed25519_key.
[   32.959813] cloud-init[651]: Your public key has been saved in /etc/ssh/ssh_host_ed25519_key.pub.
[   32.959877] cloud-init[651]: The key fingerprint is:
[   32.959936] cloud-init[651]: SHA256:cAA7aIAAmf21cSt79ilTxnWZwkcSEWGQBVoT8z+jhok root@ubuntu-bionic
[   32.959993] 
[[0;32m  OK  [0m] Reached target Network is Online.
cloud-init[651]: The key's randomart image is:
         Starting Availability of block devices...
[[0;32m  OK  [0m] Reached target Remote File Systems (Pre).
[   33.339980] [[0;32m  OK  [0m] Reached target Remote File Systems.
[[0;32m  OK  [0m] Reached target System Initialization.
[[0;32m  OK  [0mcloud-init[651]: +--[ED25519 256]--+
[   33.357333] cloud-init[651]: |B+  ...   B*B=   |
[   33.357708] cloud-init[651]: |+... .o..o.=. .  |
[   33.357778] cloud-init[651]: |  o.o..+o. ..o o |
[   33.357850] cloud-init[651]: | .  ..oo.   +.=  |
[   33.357921] cloud-init[651]: |       oS. . ++  |
[   33.357992] cloud-init[651]: |      . o.+o . o |
[   33.358057] cloud-init[651]: |       oE+o.o    |
[   33.358121] cloud-init[651]: |        o o.     |
[   33.358630] cloud-init[651]: |         o       |
[   33.358707] cloud-init[651]: +----[SHA256]-----+
] Started Message of the Day.
[[0;32m  OK  [0m] Listening on Open-iSCSI iscsid Socket.
         Starting Socket activation for snappy daemon.
         Starting LXD - unix socket.
[[0;32m  OK  [0m] Started Discard unused blocks once a week.
[[0;32m  OK  [0m] Started Daily Cleanup of Temporary Directories.
[[0;32m  OK  [0m] Started ACPI Events Check.
[[0;32m  OK  [0m] Reached target Paths.
[[0;32m  OK  [0m] Listening on D-Bus System Message Bus Socket.
[[0;32m  OK  [0m] Started Daily apt download activities.
[[0;32m  OK  [0m] Started Daily apt upgrade and clean activities.
[[0;32m  OK  [0m] Reached target Timers.
[[0;32m  OK  [0m] Listening on UUID daemon activation socket.
[[0;32m  OK  [0m] Listening on ACPID Listen Socket.
[[0;32m  OK  [0m] Reached target Cloud-config availability.
[[0;32m  OK  [0m] Started Availability of block devices.
[[0;32m  OK  [0m] Listening on Socket activation for snappy daemon.
[[0;32m  OK  [0m] Listening on LXD - unix socket.
[[0;32m  OK  [0m] Reached target Sockets.
[[0;32m  OK  [0m] Reached target Basic System.
[[0;32m  OK  [0m] Started Regular background program processing daemon.
         Starting Login Service...
         Starting System Logging Service...
[[0;32m  OK  [0m] Started irqbalance daemon.
         Starting LXD - container startup/shutdown...
[[0;32m  OK  [0m] Started D-Bus System Message Bus.
[[0;32m  OK  [0m] Started Login Service.
[[0;32m  OK  [0m] Started Unattended Upgrades Shutdown.
[[0;32m  OK  [0m] Started FUSE filesystem for LXC.
         Starting Permit User Sessions...
         Starting Dispatcher daemon for systemd-networkd...
         Starting LSB: automatic crash report generation...
         Starting Virtualbox guest utils...
         Starting Accounts Service...
[[0;32m  OK  [0m] Started Deferred execution scheduler.
         Starting LSB: Record successful boot for GRUB...
         Starting Pollinate to seed the pseudo random number generator...
         Starting Snappy daemon...
[[0;32m  OK  [0m] Started System Logging Service.
[[0;32m  OK  [0m] Started Permit User Sessions.
         Starting Terminate Plymouth Boot Screen...
         Starting Hold until boot process finishes up...
[[0;32m  OK  [0m] Started Terminate Plymouth Boot Screen.
[[0;32m  OK  [0m] Started Hold until boot process finishes up.
         Starting Set console scheme...
[[0;32m  OK  [0m] Started Serial Getty on ttyS0.
[[0;32m  OK  [0m] Started Set console scheme.
[[0;32m  OK  [0m] Created slice system-getty.slice.
[[0;32m  OK  [0m] Started Getty on tty1.
[[0;32m  OK  [0m] Reached target Login Prompts.
[[0;32m  OK  [0m] Started LSB: automatic crash report generation.
[[0;32m  OK  [0m] Started LSB: Record successful boot for GRUB.
         Starting Authorization Manager...
[[0;32m  OK  [0m] Started Authorization Manager.
[[0;32m  OK  [0m] Started Accounts Service.
[[0;32m  OK  [0m] Started Virtualbox guest utils.
[[0;32m  OK  [0m] Started LXD - container startup/shutdown.
[[0;32m  OK  [0m] Started Snappy daemon.
[[0;32m  OK  [0m] Started Dispatcher daemon for systemd-networkd.
         Starting Wait until snapd is fully seeded...
[[0;32m  OK  [0m] Started Pollinate to seed the pseudo random number generator.
         Starting OpenBSD Secure Shell server...
[[0;32m  OK  [0m] Started OpenBSD Secure Shell server.

Ubuntu 18.04.3 LTS ubuntu-bionic ttyS0

ubuntu-bionic login: [   46.194095] cloud-init[1379]: Cloud-init v. 19.2-36-g059d049c-0ubuntu2~18.04.1 running 'modules:config' at Sat, 30 Nov 2019 14:26:50 +0000. Up 44.54 seconds.
ci-info: no authorized ssh keys fingerprints found for user ubuntu.
<14>Nov 30 14:26:53 ec2: 
<14>Nov 30 14:26:53 ec2: #############################################################
<14>Nov 30 14:26:53 ec2: -----BEGIN SSH HOST KEY FINGERPRINTS-----
<14>Nov 30 14:26:53 ec2: 1024 SHA256:igOWCGGGSziC3++nDAh6VOt06GM3ZaNGv+r0rgifPDw root@ubuntu-bionic (DSA)
<14>Nov 30 14:26:53 ec2: 256 SHA256:ItVE3EGsQsmpVuzlcYnH6QPy7olPn4mkHk6lm9jZI60 root@ubuntu-bionic (ECDSA)
<14>Nov 30 14:26:53 ec2: 256 SHA256:cAA7aIAAmf21cSt79ilTxnWZwkcSEWGQBVoT8z+jhok root@ubuntu-bionic (ED25519)
<14>Nov 30 14:26:53 ec2: 2048 SHA256:qwJqX4tlMu/7TYUGiyDb5C3oST8R1xpgCdQ3IRzLCKk root@ubuntu-bionic (RSA)
<14>Nov 30 14:26:53 ec2: -----END SSH HOST KEY FINGERPRINTS-----
<14>Nov 30 14:26:53 ec2: #############################################################
-----BEGIN SSH HOST KEY KEYS-----
ecdsa-sha2-nistp256 AAAAE2VjZHNhLXNoYTItbmlzdHAyNTYAAAAIbmlzdHAyNTYAAABBBO8Vu8jOoUp2ne3QbKXwsShM+eNdXDFnABJuNwAIdV2WmAJpfJ6oV35x/PMpa+onnLhRN0kArRshuERVJXtIuZM= root@ubuntu-bionic
ssh-ed25519 AAAAC3NzaC1lZDI1NTE5AAAAIIXUgKNhUV9gsEskjvipWq2suPZIA1wdrcVWJrp4l/XO root@ubuntu-bionic
ssh-rsa AAAAB3NzaC1yc2EAAAADAQABAAABAQCl5+lvwRv/rjzEaYZU5ercyejoEdvjVdQ6NZnTXbeT+juXamOkngQyNa9K9YZWvySUqRBx6aVGuwj6EcCgqiaa5mRH7QDnz8ZmF4OVGNHRrHQZfgOgX8lVyEMAGiJpI8jta1z93iR69qV08+Paxhqw7AdyHggTxCC15ZQ4N61T2NLw68C7nkQJszDEu8KSjiO665aQdU8+ND+N0BJCS1IJiMsAWrVcREycZePtV1oQrSfmc4J4fgfui/D9wO0O2zqJIxvFbs7WVHzejRSNkY9MXxCm0voEHk4B6MByk7POliABIeUCmkYiHh94DWPWSG29jn5hlQRegiR0mhh/a+1l root@ubuntu-bionic
-----END SSH HOST KEY KEYS-----
[   47.703741] cloud-init[1542]: Cloud-init v. 19.2-36-g059d049c-0ubuntu2~18.04.1 running 'modules:final' at Sat, 30 Nov 2019 14:26:53 +0000. Up 47.20 seconds.
[   47.703882] cloud-init[1542]: ci-info: no authorized ssh keys fingerprints found for user ubuntu.
[   47.703950] cloud-init[1542]: Cloud-init v. 19.2-36-g059d049c-0ubuntu2~18.04.1 finished at Sat, 30 Nov 2019 14:26:53 +0000. Datasource DataSourceNoCloud [seed=/dev/sdb][dsmode=net].  Up 47.67 seconds
