[    0.000000] Linux version 4.15.0-70-generic (buildd@lgw01-amd64-055) (gcc version 7.4.0 (Ubuntu 7.4.0-1ubuntu1~18.04.1)) #79-Ubuntu SMP Tue Nov 12 10:36:11 UTC 2019 (Ubuntu 4.15.0-70.79-generic 4.15.18)
[    0.000000] Command line: BOOT_IMAGE=/boot/vmlinuz-4.15.0-70-generic root=LABEL=cloudimg-rootfs ro console=tty1 console=ttyS0
[    0.000000] KERNEL supported cpus:
[    0.000000]   Intel GenuineIntel
[    0.000000]   AMD AuthenticAMD
[    0.000000]   Centaur CentaurHauls
[    0.000000] x86/fpu: Supporting XSAVE feature 0x001: 'x87 floating point registers'
[    0.000000] x86/fpu: Supporting XSAVE feature 0x002: 'SSE registers'
[    0.000000] x86/fpu: Supporting XSAVE feature 0x004: 'AVX registers'
[    0.000000] x86/fpu: xstate_offset[2]:  576, xstate_sizes[2]:  256
[    0.000000] x86/fpu: Enabled xstate features 0x7, context size is 832 bytes, using 'standard' format.
[    0.000000] e820: BIOS-provided physical RAM map:
[    0.000000] BIOS-e820: [mem 0x0000000000000000-0x000000000009fbff] usable
[    0.000000] BIOS-e820: [mem 0x000000000009fc00-0x000000000009ffff] reserved
[    0.000000] BIOS-e820: [mem 0x00000000000f0000-0x00000000000fffff] reserved
[    0.000000] BIOS-e820: [mem 0x0000000000100000-0x000000001ffeffff] usable
[    0.000000] BIOS-e820: [mem 0x000000001fff0000-0x000000001fffffff] ACPI data
[    0.000000] BIOS-e820: [mem 0x00000000fec00000-0x00000000fec00fff] reserved
[    0.000000] BIOS-e820: [mem 0x00000000fee00000-0x00000000fee00fff] reserved
[    0.000000] BIOS-e820: [mem 0x00000000fffc0000-0x00000000ffffffff] reserved
[    0.000000] NX (Execute Disable) protection: active
[    0.000000] SMBIOS 2.5 present.
[    0.000000] DMI: innotek GmbH VirtualBox/VirtualBox, BIOS VirtualBox 12/01/2006
[    0.000000] Hypervisor detected: KVM
[    0.000000] e820: last_pfn = 0x1fff0 max_arch_pfn = 0x400000000
[    0.000000] MTRR: Disabled
[    0.000000] x86/PAT: MTRRs disabled, skipping PAT initialization too.
[    0.000000] CPU MTRRs all blank - virtualized system.
[    0.000000] x86/PAT: Configuration [0-7]: WB  WT  UC- UC  WB  WT  UC- UC  
[    0.000000] found SMP MP-table at [mem 0x0009fff0-0x0009ffff]
[    0.000000] Scanning 1 areas for low memory corruption
[    0.000000] RAMDISK: [mem 0x1dc02000-0x1eeb4fff]
[    0.000000] ACPI: Early table checksum verification disabled
[    0.000000] ACPI: RSDP 0x00000000000E0000 000024 (v02 VBOX  )
[    0.000000] ACPI: XSDT 0x000000001FFF0030 00003C (v01 VBOX   VBOXXSDT 00000001 ASL  00000061)
[    0.000000] ACPI: FACP 0x000000001FFF00F0 0000F4 (v04 VBOX   VBOXFACP 00000001 ASL  00000061)
[    0.000000] ACPI: DSDT 0x000000001FFF0470 0021FF (v02 VBOX   VBOXBIOS 00000002 INTL 20180105)
[    0.000000] ACPI: FACS 0x000000001FFF0200 000040
[    0.000000] ACPI: FACS 0x000000001FFF0200 000040
[    0.000000] ACPI: APIC 0x000000001FFF0240 000054 (v02 VBOX   VBOXAPIC 00000001 ASL  00000061)
[    0.000000] ACPI: SSDT 0x000000001FFF02A0 0001CC (v01 VBOX   VBOXCPUT 00000002 INTL 20180105)
[    0.000000] No NUMA configuration found
[    0.000000] Faking a node at [mem 0x0000000000000000-0x000000001ffeffff]
[    0.000000] NODE_DATA(0) allocated [mem 0x1ffc5000-0x1ffeffff]
[    0.000000] kvm-clock: cpu 0, msr 0:1ff44001, primary cpu clock
[    0.000000] kvm-clock: Using msrs 4b564d01 and 4b564d00
[    0.000000] kvm-clock: using sched offset of 3885591356 cycles
[    0.000000] clocksource: kvm-clock: mask: 0xffffffffffffffff max_cycles: 0x1cd42e4dffb, max_idle_ns: 881590591483 ns
[    0.000000] Zone ranges:
[    0.000000]   DMA      [mem 0x0000000000001000-0x0000000000ffffff]
[    0.000000]   DMA32    [mem 0x0000000001000000-0x000000001ffeffff]
[    0.000000]   Normal   empty
[    0.000000]   Device   empty
[    0.000000] Movable zone start for each node
[    0.000000] Early memory node ranges
[    0.000000]   node   0: [mem 0x0000000000001000-0x000000000009efff]
[    0.000000]   node   0: [mem 0x0000000000100000-0x000000001ffeffff]
[    0.000000] Reserved but unavailable: 98 pages
[    0.000000] Initmem setup node 0 [mem 0x0000000000001000-0x000000001ffeffff]
[    0.000000] ACPI: PM-Timer IO Port: 0x4008
[    0.000000] IOAPIC[0]: apic_id 1, version 32, address 0xfec00000, GSI 0-23
[    0.000000] ACPI: INT_SRC_OVR (bus 0 bus_irq 0 global_irq 2 dfl dfl)
[    0.000000] ACPI: INT_SRC_OVR (bus 0 bus_irq 9 global_irq 9 low level)
[    0.000000] Using ACPI (MADT) for SMP configuration information
[    0.000000] smpboot: Allowing 1 CPUs, 0 hotplug CPUs
[    0.000000] PM: Registered nosave memory: [mem 0x00000000-0x00000fff]
[    0.000000] PM: Registered nosave memory: [mem 0x0009f000-0x0009ffff]
[    0.000000] PM: Registered nosave memory: [mem 0x000a0000-0x000effff]
[    0.000000] PM: Registered nosave memory: [mem 0x000f0000-0x000fffff]
[    0.000000] e820: [mem 0x20000000-0xfebfffff] available for PCI devices
[    0.000000] Booting paravirtualized kernel on KVM
[    0.000000] clocksource: refined-jiffies: mask: 0xffffffff max_cycles: 0xffffffff, max_idle_ns: 7645519600211568 ns
[    0.000000] random: get_random_bytes called from start_kernel+0x99/0x4fd with crng_init=0
[    0.000000] setup_percpu: NR_CPUS:8192 nr_cpumask_bits:1 nr_cpu_ids:1 nr_node_ids:1
[    0.000000] percpu: Embedded 45 pages/cpu s147456 r8192 d28672 u2097152
[    0.000000] PV qspinlock hash table entries: 256 (order: 0, 4096 bytes)
[    0.000000] Built 1 zonelists, mobility grouping on.  Total pages: 128889
[    0.000000] Policy zone: DMA32
[    0.000000] Kernel command line: BOOT_IMAGE=/boot/vmlinuz-4.15.0-70-generic root=LABEL=cloudimg-rootfs ro console=tty1 console=ttyS0
[    0.000000] Memory: 467524K/523832K available (12300K kernel code, 2481K rwdata, 4264K rodata, 2432K init, 2388K bss, 56308K reserved, 0K cma-reserved)
[    0.000000] SLUB: HWalign=64, Order=0-3, MinObjects=0, CPUs=1, Nodes=1
[    0.000000] Kernel/User page tables isolation: enabled
[    0.000000] ftrace: allocating 39315 entries in 154 pages
[    0.004000] Hierarchical RCU implementation.
[    0.004000] 	RCU restricting CPUs from NR_CPUS=8192 to nr_cpu_ids=1.
[    0.004000] 	Tasks RCU enabled.
[    0.004000] RCU: Adjusting geometry for rcu_fanout_leaf=16, nr_cpu_ids=1
[    0.004000] NR_IRQS: 524544, nr_irqs: 256, preallocated irqs: 16
[    0.004000] Console: colour VGA+ 80x25
[    0.004000] console [tty1] enabled
[    0.004000] console [ttyS0] enabled
[    0.004000] ACPI: Core revision 20170831
[    0.004000] ACPI: 2 ACPI AML tables successfully acquired and loaded
[    0.004000] APIC: Switch to symmetric I/O mode setup
[    0.004000] x2apic enabled
[    0.004000] Switched APIC routing to physical x2apic.
[    0.005455] ..TIMER: vector=0x30 apic1=0 pin1=2 apic2=-1 pin2=-1
[    0.008005] tsc: Detected 1696.158 MHz processor
[    0.012017] Calibrating delay loop (skipped) preset value.. 3392.31 BogoMIPS (lpj=6784632)
[    0.014368] pid_max: default: 32768 minimum: 301
[    0.016054] Security Framework initialized
[    0.017244] Yama: becoming mindful.
[    0.018327] AppArmor: AppArmor initialized
[    0.020116] Dentry cache hash table entries: 65536 (order: 7, 524288 bytes)
[    0.022067] Inode-cache hash table entries: 32768 (order: 6, 262144 bytes)
[    0.024017] Mount-cache hash table entries: 1024 (order: 1, 8192 bytes)
[    0.025955] Mountpoint-cache hash table entries: 1024 (order: 1, 8192 bytes)
[    0.028334] process: using mwait in idle threads
[    0.032009] Last level iTLB entries: 4KB 512, 2MB 8, 4MB 8
[    0.033775] Last level dTLB entries: 4KB 512, 2MB 32, 4MB 32, 1GB 0
[    0.035692] Spectre V1 : Mitigation: usercopy/swapgs barriers and __user pointer sanitization
[    0.036006] Spectre V2 : Mitigation: Full generic retpoline
[    0.037725] Spectre V2 : Spectre v2 / SpectreRSB mitigation: Filling RSB on context switch
[    0.040004] Speculative Store Bypass: Vulnerable
[    0.044089] MDS: Mitigation: Clear CPU buffers
[    0.069171] Freeing SMP alternatives memory: 36K
[    0.184000] APIC calibration not consistent with PM-Timer: 97ms instead of 100ms
[    0.184000] APIC delta adjusted to PM-Timer: 6250318 (6077382)
[    0.184076] smpboot: CPU0: Intel(R) Core(TM) i5-3317U CPU @ 1.70GHz (family: 0x6, model: 0x3a, stepping: 0x9)
[    0.186255] Performance Events: unsupported p6 CPU model 58 no PMU driver, software events only.
[    0.188000] Hierarchical SRCU implementation.
[    0.188846] NMI watchdog: Perf event create on CPU 0 failed with -2
[    0.192010] NMI watchdog: Perf NMI watchdog permanently disabled
[    0.196102] smp: Bringing up secondary CPUs ...
[    0.197437] smp: Brought up 1 node, 1 CPU
[    0.200006] smpboot: Max logical packages: 1
[    0.201280] smpboot: Total of 1 processors activated (3392.31 BogoMIPS)
[    0.203433] devtmpfs: initialized
[    0.204078] x86/mm: Memory block size: 128MB
[    0.205194] evm: security.selinux
[    0.206003] evm: security.SMACK64
[    0.206753] evm: security.SMACK64EXEC
[    0.208007] evm: security.SMACK64TRANSMUTE
[    0.208930] evm: security.SMACK64MMAP
[    0.209746] evm: security.apparmor
[    0.210509] evm: security.ima
[    0.211193] evm: security.capability
[    0.212169] clocksource: jiffies: mask: 0xffffffff max_cycles: 0xffffffff, max_idle_ns: 7645041785100000 ns
[    0.214253] futex hash table entries: 256 (order: 2, 16384 bytes)
[    0.215620] pinctrl core: initialized pinctrl subsystem
[    0.216190] RTC time: 15:12:58, date: 11/30/19
[    0.220226] NET: Registered protocol family 16
[    0.224154] audit: initializing netlink subsys (disabled)
[    0.226081] cpuidle: using governor ladder
[    0.228007] cpuidle: using governor menu
[    0.229357] ACPI: bus type PCI registered
[    0.230636] acpiphp: ACPI Hot Plug PCI Controller Driver version: 0.5
[    0.232012] audit: type=2000 audit(1575126783.348:1): state=initialized audit_enabled=0 res=1
[    0.240033] PCI: Using configuration type 1 for base access
[    0.242561] HugeTLB registered 2.00 MiB page size, pre-allocated 0 pages
[    0.244422] ACPI: Added _OSI(Module Device)
[    0.248008] ACPI: Added _OSI(Processor Device)
[    0.249417] ACPI: Added _OSI(3.0 _SCP Extensions)
[    0.250880] ACPI: Added _OSI(Processor Aggregator Device)
[    0.252028] ACPI: Added _OSI(Linux-Dell-Video)
[    0.254995] ACPI: Added _OSI(Linux-Lenovo-NV-HDMI-Audio)
[    0.256035] ACPI: Added _OSI(Linux-HPI-Hybrid-Graphics)
[    0.258178] ACPI: Executed 1 blocks of module-level executable AML code
[    0.268503] ACPI: Interpreter enabled
[    0.269735] ACPI: (supports S0 S5)
[    0.270856] ACPI: Using IOAPIC for interrupt routing
[    0.272242] PCI: Using host bridge windows from ACPI; if necessary, use "pci=nocrs" and report a bug
[    0.276351] ACPI: Enabled 2 GPEs in block 00 to 07
[    0.289495] ACPI: PCI Root Bridge [PCI0] (domain 0000 [bus 00-ff])
[    0.292030] acpi PNP0A03:00: _OSC: OS supports [ASPM ClockPM Segments MSI]
[    0.294143] acpi PNP0A03:00: _OSC: not requesting OS control; OS requires [ExtendedConfig ASPM ClockPM MSI]
[    0.296029] acpi PNP0A03:00: fail to add MMCONFIG information, can't access extended PCI configuration space under this bridge.
[    0.300757] PCI host bridge to bus 0000:00
[    0.302068] pci_bus 0000:00: root bus resource [io  0x0000-0x0cf7 window]
[    0.304008] pci_bus 0000:00: root bus resource [io  0x0d00-0xffff window]
[    0.308016] pci_bus 0000:00: root bus resource [mem 0x000a0000-0x000bffff window]
[    0.310207] pci_bus 0000:00: root bus resource [mem 0x20000000-0xfdffffff window]
[    0.312009] pci_bus 0000:00: root bus resource [bus 00-ff]
[    0.316866] pci 0000:00:01.1: legacy IDE quirk: reg 0x10: [io  0x01f0-0x01f7]
[    0.319747] pci 0000:00:01.1: legacy IDE quirk: reg 0x14: [io  0x03f6]
[    0.320014] pci 0000:00:01.1: legacy IDE quirk: reg 0x18: [io  0x0170-0x0177]
[    0.324008] pci 0000:00:01.1: legacy IDE quirk: reg 0x1c: [io  0x0376]
[    0.349935] pci 0000:00:07.0: quirk: [io  0x4000-0x403f] claimed by PIIX4 ACPI
[    0.352009] pci 0000:00:07.0: quirk: [io  0x4100-0x410f] claimed by PIIX4 SMB
[    0.359905] ACPI: PCI Interrupt Link [LNKA] (IRQs 5 9 10 *11)
[    0.360550] ACPI: PCI Interrupt Link [LNKB] (IRQs 5 9 *10 11)
[    0.361958] ACPI: PCI Interrupt Link [LNKC] (IRQs 5 *9 10 11)
[    0.363355] ACPI: PCI Interrupt Link [LNKD] (IRQs 5 9 10 *11)
[    0.364617] SCSI subsystem initialized
[    0.365637] pci 0000:00:02.0: vgaarb: setting as boot VGA device
[    0.368000] pci 0000:00:02.0: vgaarb: VGA device added: decodes=io+mem,owns=io+mem,locks=none
[    0.368012] pci 0000:00:02.0: vgaarb: bridge control possible
[    0.372011] vgaarb: loaded
[    0.372736] ACPI: bus type USB registered
[    0.373712] usbcore: registered new interface driver usbfs
[    0.376042] usbcore: registered new interface driver hub
[    0.377728] usbcore: registered new device driver usb
[    0.380198] EDAC MC: Ver: 3.0.0
[    0.381911] PCI: Using ACPI for IRQ routing
[    0.384404] NetLabel: Initializing
[    0.385189] NetLabel:  domain hash size = 128
[    0.386154] NetLabel:  protocols = UNLABELED CIPSOv4 CALIPSO
[    0.388038] NetLabel:  unlabeled traffic allowed by default
[    0.392304] clocksource: Switched to clocksource kvm-clock
[    0.414827] VFS: Disk quotas dquot_6.6.0
[    0.422155] VFS: Dquot-cache hash table entries: 512 (order 0, 4096 bytes)
[    0.424422] AppArmor: AppArmor Filesystem Enabled
[    0.426054] pnp: PnP ACPI init
[    0.443281] pnp: PnP ACPI: found 3 devices
[    0.450769] clocksource: acpi_pm: mask: 0xffffff max_cycles: 0xffffff, max_idle_ns: 2085701024 ns
[    0.453451] NET: Registered protocol family 2
[    0.454926] TCP established hash table entries: 4096 (order: 3, 32768 bytes)
[    0.456912] TCP bind hash table entries: 4096 (order: 4, 65536 bytes)
[    0.458725] TCP: Hash tables configured (established 4096 bind 4096)
[    0.460559] UDP hash table entries: 256 (order: 1, 8192 bytes)
[    0.561425] UDP-Lite hash table entries: 256 (order: 1, 8192 bytes)
[    0.563269] NET: Registered protocol family 1
[    0.564583] pci 0000:00:00.0: Limiting direct PCI/PCI transfers
[    0.566298] pci 0000:00:01.0: Activating ISA DMA hang workarounds
[    0.568124] pci 0000:00:02.0: Video device with shadowed ROM at [mem 0x000c0000-0x000dffff]
[    0.583243] Unpacking initramfs...
[    0.892414] Freeing initrd memory: 19148K
[    0.896328] clocksource: tsc: mask: 0xffffffffffffffff max_cycles: 0x1872f9e1c07, max_idle_ns: 440795251747 ns
[    0.899225] platform rtc_cmos: registered platform RTC device (no PNP device found)
[    0.901599] Scanning for low memory corruption every 60 seconds
[    0.903950] Initialise system trusted keyrings
[    0.905394] Key type blacklist registered
[    0.906673] workingset: timestamp_bits=36 max_order=17 bucket_order=0
[    0.909793] zbud: loaded
[    0.911356] squashfs: version 4.0 (2009/01/31) Phillip Lougher
[    0.914534] fuse init (API version 7.26)
[    0.916922] Key type asymmetric registered
[    0.918206] Asymmetric key parser 'x509' registered
[    0.919668] Block layer SCSI generic (bsg) driver version 0.4 loaded (major 246)
[    0.921975] io scheduler noop registered
[    0.923141] io scheduler deadline registered
[    0.924525] io scheduler cfq registered (default)
[    0.926243] ACPI: AC Adapter [AC] (on-line)
[    0.927679] input: Power Button as /devices/LNXSYSTM:00/LNXPWRBN:00/input/input0
[    0.929950] ACPI: Power Button [PWRF]
[    0.931198] input: Sleep Button as /devices/LNXSYSTM:00/LNXSLPBN:00/input/input1
[    0.933429] ACPI: Sleep Button [SLPF]
[    0.935939] ACPI: Battery Slot [BAT0] (battery present)
[    0.952465] Serial: 8250/16550 driver, 32 ports, IRQ sharing enabled
[    0.977996] 00:02: ttyS0 at I/O 0x3f8 (irq = 4, base_baud = 115200) is a 16550A
[    0.982730] Linux agpgart interface v0.103
[    0.985407] loop: module loaded
[    1.042514] scsi host0: ata_piix
[    1.081820] scsi host1: ata_piix
[    1.082985] ata1: PATA max UDMA/33 cmd 0x1f0 ctl 0x3f6 bmdma 0xd000 irq 14
[    1.085122] ata2: PATA max UDMA/33 cmd 0x170 ctl 0x376 bmdma 0xd008 irq 15
[    1.088170] libphy: Fixed MDIO Bus: probed
[    1.101884] tun: Universal TUN/TAP device driver, 1.6
[    1.103566] PPP generic driver version 2.4.2
[    1.105060] ehci_hcd: USB 2.0 'Enhanced' Host Controller (EHCI) Driver
[    1.107062] ehci-pci: EHCI PCI platform driver
[    1.108525] ehci-platform: EHCI generic platform driver
[    1.117491] ohci_hcd: USB 1.1 'Open' Host Controller (OHCI) Driver
[    1.122053] ohci-pci: OHCI PCI platform driver
[    1.141435] ohci-platform: OHCI generic platform driver
[    1.161964] uhci_hcd: USB Universal Host Controller Interface driver
[    1.163818] i8042: PNP: PS/2 Controller [PNP0303:PS2K,PNP0f03:PS2M] at 0x60,0x64 irq 1,12
[    1.172325] serio: i8042 KBD port at 0x60,0x64 irq 1
[    1.173865] serio: i8042 AUX port at 0x60,0x64 irq 12
[    1.175410] mousedev: PS/2 mouse device common for all mice
[    1.177356] input: AT Translated Set 2 keyboard as /devices/platform/i8042/serio0/input/input2
[    1.252865] rtc_cmos rtc_cmos: rtc core: registered rtc_cmos as rtc0
[    1.272268] rtc_cmos rtc_cmos: alarms up to one day, 114 bytes nvram
[    1.274121] i2c /dev entries driver
[    1.275250] device-mapper: uevent: version 1.0.3
[    1.276739] device-mapper: ioctl: 4.37.0-ioctl (2017-09-20) initialised: dm-devel@redhat.com
[    1.332246] ledtrig-cpu: registered to indicate activity on CPUs
[    1.333890] NET: Registered protocol family 10
[    1.339294] Segment Routing with IPv6
[    1.340305] NET: Registered protocol family 17
[    1.341420] Key type dns_resolver registered
[    1.342486] mce: Using 0 MCE banks
[    1.343270] RAS: Correctable Errors collector initialized.
[    1.362364] sched_clock: Marking stable (1362189653, 0)->(2241477122, -879287469)
[    1.365022] registered taskstats version 1
[    1.366365] Loading compiled-in X.509 certificates
[    1.372227] Loaded X.509 cert 'Build time autogenerated kernel key: 1859b0531897959199376c446a0bd70df75fd1fc'
[    1.403876] zswap: loaded using pool lzo/zbud
[    1.410673] Key type big_key registered
[    1.451843] Key type trusted registered
[    1.455126] Key type encrypted registered
[    1.456472] AppArmor: AppArmor sha1 policy hashing enabled
[    1.458184] ima: No TPM chip found, activating TPM-bypass! (rc=-19)
[    1.459981] ima: Allocated hash algorithm: sha1
[    1.501842] evm: HMAC attrs: 0x1
[    1.507184]   Magic number: 11:46:236
[    1.508318] rtc_cmos rtc_cmos: hash matches
[    1.509623] rtc_cmos rtc_cmos: setting system clock to 2019-11-30 15:13:00 UTC (1575126780)
[    1.531957] BIOS EDD facility v0.16 2004-Jun-25, 0 devices found
[    1.551791] EDD information not available.
[    1.584802] Freeing unused kernel image memory: 2432K
[    1.618960] Write protecting the kernel read-only data: 20480k
[    1.642589] Freeing unused kernel image memory: 2008K
[    1.644137] Freeing unused kernel image memory: 1880K
[    1.670849] x86/mm: Checked W+X mappings: passed, no W+X pages found.
[    1.692561] x86/mm: Checking user space page tables
[    1.704153] x86/mm: Checked W+X mappings: passed, no W+X pages found.
Loading, please wait...
starting version 237
[    1.865224] e1000: Intel(R) PRO/1000 Network Driver - version 7.3.21-k8-NAPI
[    1.867501] e1000: Copyright (c) 1999-2006 Intel Corporation.
[    1.884852] Fusion MPT base driver 3.04.20
[    1.886203] Copyright (c) 1999-2008 LSI Corporation
[    1.897793] Fusion MPT SPI Host driver 3.04.20
[    1.936708] AVX version of gcm_enc/dec engaged.
[    1.938254] AES CTR mode by8 optimization enabled
[    1.942880] mptbase: ioc0: Initiating bringup
[    2.110056] input: ImExPS/2 Generic Explorer Mouse as /devices/platform/i8042/serio1/input/input4
[    2.145027] ioc0: LSI53C1030 A0: Capabilities={Initiator}
[    2.445078] scsi host2: ioc0: LSI53C1030 A0, FwRev=00000000h, Ports=1, MaxQ=256, IRQ=20
[    2.617268] scsi 2:0:0:0: Direct-Access     VBOX     HARDDISK         1.0  PQ: 0 ANSI: 5
[    2.645815] scsi target2:0:0: Beginning Domain Validation
[    2.683296] random: fast init done
[    2.684764] scsi target2:0:0: Domain Validation skipping write tests
[    2.686727] scsi target2:0:0: Ending Domain Validation
[    2.688391] scsi target2:0:0: asynchronous
[    2.690435] scsi 2:0:1:0: Direct-Access     VBOX     HARDDISK         1.0  PQ: 0 ANSI: 5
[    2.693040] scsi target2:0:1: Beginning Domain Validation
[    2.790020] scsi target2:0:1: Domain Validation skipping write tests
[    2.812685] scsi target2:0:1: Ending Domain Validation
[    2.838142] scsi target2:0:1: asynchronous
[    3.002582] sd 2:0:0:0: Attached scsi generic sg0 type 0
[    3.031927] sd 2:0:0:0: [sda] 20971520 512-byte logical blocks: (10.7 GB/10.0 GiB)
[    3.033707] sd 2:0:0:0: [sda] Write Protect is off
[    3.034820] random: systemd-udevd: uninitialized urandom read (16 bytes read)
[    3.036292] random: systemd-udevd: uninitialized urandom read (16 bytes read)
[    3.038125] sd 2:0:0:0: [sda] Incomplete mode parameter data
[    3.039299] sd 2:0:0:0: [sda] Assuming drive cache: write through
[    3.045375] random: systemd-udevd: uninitialized urandom read (16 bytes read)
[    3.057803]  sda: sda1
[    3.076563] sd 2:0:1:0: [sdb] 20480 512-byte logical blocks: (10.5 MB/10.0 MiB)
[    3.106771] sd 2:0:1:0: Attached scsi generic sg1 type 0
[    3.132424] sd 2:0:0:0: [sda] Attached SCSI disk
[    3.156520] sd 2:0:1:0: [sdb] Write Protect is off
[    3.247541] sd 2:0:1:0: [sdb] Incomplete mode parameter data
[    3.341254] sd 2:0:1:0: [sdb] Assuming drive cache: write through
[    3.382241] sd 2:0:1:0: [sdb] Attached SCSI disk
[    3.399489] e1000 0000:00:03.0 eth0: (PCI:33MHz:32-bit) 02:83:96:c1:64:f9
[    3.401893] e1000 0000:00:03.0 eth0: Intel(R) PRO/1000 Network Connection
[    3.409183] e1000 0000:00:03.0 enp0s3: renamed from eth0
Begin: Loading essential drivers ... [    4.950761] raid6: sse2x1   gen()  8126 MB/s
[    5.040731] raid6: sse2x1   xor()  6029 MB/s
[    5.129183] raid6: sse2x2   gen()  9666 MB/s
[    5.180754] raid6: sse2x2   xor()  6445 MB/s
[    5.240763] raid6: sse2x4   gen() 11882 MB/s
[    5.300765] raid6: sse2x4   xor()  8029 MB/s
[    5.314203] raid6: using algorithm sse2x4 gen() 11882 MB/s
[    5.315748] raid6: .... xor() 8029 MB/s, rmw enabled
[    5.317002] raid6: using ssse3x2 recovery algorithm
[    5.320986] xor: automatically using best checksumming function   avx       
[    5.354675] async_tx: api initialized (async)
done.
Begin: Running /scripts/init-premount ... done.
Begin: Mounting root file system ... Begin: Running /scripts/local-top ... done.
Begin: Running /[    5.434252] Btrfs loaded, crc32c=crc32c-intel
scripts/local-premount ... Scanning for Btrfs filesystems
done.
Warning: fsck not present, so skipping root file system
[    5.512421] EXT4-fs (sda1): mounted filesystem with ordered data mode. Opts: (null)
done.
Begin: Running /scripts/local-bottom ... done.
Begin: Running /scripts/init-bottom ... done.
[    6.597529] ip_tables: (C) 2000-2006 Netfilter Core Team
[    6.726018] systemd[1]: systemd 237 running in system mode. (+PAM +AUDIT +SELINUX +IMA +APPARMOR +SMACK +SYSVINIT +UTMP +LIBCRYPTSETUP +GCRYPT +GNUTLS +ACL +XZ +LZ4 +SECCOMP +BLKID +ELFUTILS +KMOD -IDN2 +IDN -PCRE2 default-hierarchy=hybrid)
[    6.782846] systemd[1]: Detected virtualization oracle.
[    6.784570] systemd[1]: Detected architecture x86-64.

Welcome to [1mUbuntu 18.04.3 LTS[0m!

[    6.821582] systemd[1]: Set hostname to <ubuntu>.
[    6.924328] systemd[1]: Initializing machine ID from random generator.
[    6.951854] systemd[1]: Installed transient /etc/machine-id file.
[    7.924860] random: crng init done
[    7.971112] random: 7 urandom warning(s) missed due to ratelimiting
[    8.376126] systemd[1]: Set up automount Arbitrary Executable File Formats File System Automount Point.
[[0;32m  OK  [0m] Set up automount Arbitrary Executabâ€¦rmats File System Automount Point.
[    8.391425] systemd[1]: Reached target System Time Synchronized.
[[0;32m  OK  [0m] Reached target System Time Synchronized.
[    8.412807] systemd[1]: Reached target User and Group Name Lookups.
[[0;32m  OK  [0m] Reached target User and Group Name Lookups.
[    8.418648] systemd[1]: Reached target Swap.
[[0;32m  OK  [0m] Reached target Swap.
[[0;32m  OK  [0m] Created slice System Slice.
[[0;32m  OK  [0m] Listening on Syslog Socket.
[[0;32m  OK  [0m] Listening on /dev/initctl Compatibility Named Pipe.
[[0;32m  OK  [0m] Listening on LVM2 metadata daemon socket.
[[0;32m  OK  [0m] Listening on udev Control Socket.
[[0;32m  OK  [0m] Listening on Journal Socket.
         Mounting POSIX Message Queue File System...
         Starting Remount Root and Kernel File Systems...
         Starting Load Kernel Modules...
[[0;32m  OK  [0m] Listening on Journal Audit Socket.
         Starting Create list of required stâ€¦ce nodes for the current kernel...
[[0;32m  OK  [0m] Listening on Network Service Netlink Socket.
[[0;32m  OK  [0m] Listening on udev Kernel Socket.
[[0;32m  OK  [0m] Listening on Device-mapper event daemon FIFOs.
[[0;32m  OK  [0m] Created slice User and Session Slice.
[[0;32m  OK  [0m] Listening on Journal Socket (/dev/log).
[[0;32m  OK  [0m] Started Forward Password Requests to Wall Directory Watch.
         Starting Set the console keyboard layout...
         Mounting Kernel Debug File System...
         Starting Journal Service...
[[0;32m  OK  [0m] Reached target S[    8.591776] EXT4-fs (sda1): re-mounted. Opts: (null)
lices.
         Starting Uncomplicated firewall...
         Starting Monitoring of LVM2 mirrorsâ€¦ng dmeventd or progress polling...
         Mounting Huge Pages File System...
         Starting udev Coldplug all Devices...
[[0;32m  OK  [0m] Created slice system-serial\x2dgetty.slice.
[[0;32m  OK  [0m] Listening on LVM2 poll daemon socket.
[[0;32m  OK  [0m] Mounted POSIX Message Queue File System.
[[0;32m  OK  [0m] Started Remount Root and Kernel File Systems.
[[0;32m  OK  [0m] Started Create list of required staâ€¦vice nodes for the current kernel.
[[0;32m  OK  [0m] Mounted Kernel Debug File System.
[[0;32m  OK  [0m] Started Uncomplicated firewall.
[[0;32m  OK  [0m] Mounted Huge Pages File System.
         Starting Create Static Device Nodes in /dev...
[    8.818058] Loading iSCSI transport class v2.0-870.
         Starting Load/Save Random Seed...
[[0;32m  OK  [0m] Started Journal Service.
         Starting Flush Journal to Persistent Storage...
[    8.984409] iscsi: registered transport (tcp)
[    9.045571] systemd-journald[384]: Received request to flush runtime journal from PID 1
[[0;32m  OK  [0m] Started udev Coldplug all Devices.
[[0;32m  OK  [0m] Started Load/Save Random Seed.
[[0;32m  OK  [0m] Started LVM2 metadata daemon.
[[0;32m  OK  [0m] Started Set the console keyboard layout.
[    9.472918] iscsi: registered transport (iser)
[[0;32m  OK  [0m] Started Load Kernel Modules.
         Mounting Kernel Configuration File System...
         Starting Apply Kernel Variables...
         Mounting FUSE Control File System...
[[0;32m  OK  [0m] Started Create Static Device Nodes in /dev.
[[0;32m  OK  [0m] Started Flush Journal to Persistent Storage.
[[0;32m  OK  [0m] Mounted Kernel Configuration File System.
[[0;32m  OK  [0m] Mounted FUSE Control File System.
         Starting udev Kernel Device Manager...
[[0;32m  OK  [0m] Started Monitoring of LVM2 mirrors,â€¦sing dmeventd or progress polling.
[[0;32m  OK  [0m] Reached target Local File Systems (Pre).
[[0;32m  OK  [0m] Reached target Local File Systems.
         Starting ebtables ruleset management...
         Starting Tell Plymouth To Write Out Runtime Data...
         Starting Create Volatile Files and Directories...
         Starting Set console font and keymap...
         Starting AppArmor initialization...
         Starting Commit a transient machine-id on disk...
[[0;32m  OK  [0m] Started Apply Kernel Variables.
[[0;32m  OK  [0m] Started Tell Plymouth To Write Out Runtime Data.
[[0;32m  OK  [0m] Started Set console font and keymap.
[[0;32m  OK  [0m] Started Commit a transient machine-id on disk.
[[0;32m  OK  [0m] Started udev Kernel Device Manager.
[[0;32m  OK  [0m] Started Dispatch Password Requests to Console Directory Watch.
[[0;32m  OK  [0m] Reached target Local Encrypted Volumes.
[[0;32m  OK  [0m] Started Create Volatile Files and Directories.
         Starting Update UTMP about System Boot/Shutdown...
[[0;32m  OK  [0m] Started Update UTMP about System Boot/Shutdown.
[[0;32m  OK  [0m] Started ebtables ruleset management.
[[0;32m  OK  [0m] Found device /dev/ttyS0.
[[0;32m  OK  [0m] Listening on Load/Save RF Kill Switch Status /dev/rfkill Watch.
[[0;32m  OK  [0m] Started AppArmor initialization.
         Starting Initial cloud-init job (pre-networking)...
[   17.370269] cloud-init[531]: Cloud-init v. 19.2-36-g059d049c-0ubuntu2~18.04.1 running 'init-local' at Sat, 30 Nov 2019 15:13:15 +0000. Up 16.64 seconds.
[[0;32m  OK  [0m] Started Initial cloud-init job (pre-networking).
[[0;32m  OK  [0m] Reached target Network (Pre).
         Starting Network Service...
[[0;32m  OK  [0m] Started Network Service.
         Starting Network Name Resolution...
         Starting Wait for Network to be Configured...
[[0;32m  OK  [0m] Started Network Name Resolution.
[[0;32m  OK  [0m] Reached target Network.
[[0;32m  OK  [0m] Reached target Host and Network Name Lookups.
[[0;32m  OK  [0m] Started Wait for Network to be Configured.
         Starting Initial cloud-init job (metadata service crawler)...
[   20.189404] cloud-init[648]: Cloud-init v. 19.2-36-g059d049c-0ubuntu2~18.04.1 running 'init' at Sat, 30 Nov 2019 15:13:18 +0000. Up 19.94 seconds.
[   20.203720] cloud-init[648]: ci-info: ++++++++++++++++++++++++++++++++++++++Net device info++++++++++++++++++++++++++++++++++++++
[   20.207256] cloud-init[648]: ci-info: +--------+------+----------------------------+---------------+--------+-------------------+
[   20.212516] cloud-init[648]: ci-info: | Device |  Up  |          Address           |      Mask     | Scope  |     Hw-Address    |
[   20.215246] cloud-init[648]: ci-info: +--------+------+----------------------------+---------------+--------+-------------------+
[   20.221127] cloud-init[648]: ci-info: | enp0s3 | True |         10.0.2.15          | 255.255.255.0 | global | 02:83:96:c1:64:f9 |
[   20.225776] cloud-init[648]: ci-info: | enp0s3 | True | fe80::83:96ff:fec1:64f9/64 |       .       |  link  | 02:83:96:c1:64:f9 |
[   20.229086] cloud-init[648]: ci-info: |   lo   | True |         127.0.0.1          |   255.0.0.0   |  host  |         .         |
[   20.235695] cloud-init[648]: ci-info: |   lo   | True |          ::1/128           |       .       |  host  |         .         |
[   20.242508] cloud-init[648]: ci-info: +--------+------+----------------------------+---------------+--------+-------------------+
[   20.256045] cloud-init[648]: ci-info: ++++++++++++++++++++++++++++Route IPv4 info+++++++++++++++++++++++++++++
[   20.258545] cloud-init[648]: ci-info: +-------+-------------+----------+-----------------+-----------+-------+
[   20.278794] cloud-init[648]: ci-info: | Route | Destination | Gateway  |     Genmask     | Interface | Flags |
[   20.281801] cloud-init[648]: ci-info: +-------+-------------+----------+-----------------+-----------+-------+
[   20.284793] cloud-init[648]: ci-info: |   0   |   0.0.0.0   | 10.0.2.2 |     0.0.0.0     |   enp0s3  |   UG  |
[   20.287728] cloud-init[648]: ci-info: |   1   |   10.0.2.0  | 0.0.0.0  |  255.255.255.0  |   enp0s3  |   U   |
[   20.290767] cloud-init[648]: ci-info: |   2   |   10.0.2.2  | 0.0.0.0  | 255.255.255.255 |   enp0s3  |   UH  |
[   20.301108] cloud-init[648]: ci-info: +-------+-------------+----------+-----------------+-----------+-------+
[   20.304144] cloud-init[648]: ci-info: +++++++++++++++++++Route IPv6 info+++++++++++++++++++
[   20.312979] cloud-init[648]: ci-info: +-------+-------------+---------+-----------+-------+
[   20.315422] cloud-init[648]: ci-info: | Route | Destination | Gateway | Interface | Flags |
[   20.320066] cloud-init[648]: ci-info: +-------+-------------+---------+-----------+-------+
[   20.332613] cloud-init[648]: ci-info: |   1   |  fe80::/64  |    ::   |   enp0s3  |   U   |
[   20.335604] cloud-init[648]: ci-info: |   3   |    local    |    ::   |   enp0s3  |   U   |
[   20.340314] cloud-init[648]: ci-info: |   4   |   ff00::/8  |    ::   |   enp0s3  |   U   |
[   20.348379] cloud-init[648]: ci-info: +-------+-------------+---------+-----------+-------+
[   21.835187] cloud-init[648]: Generating public/private rsa key pair.
[   21.881754] cloud-init[648]: Your identification has been saved in /etc/ssh/ssh_host_rsa_key.
[   21.888859] cloud-init[648]: Your public key has been saved in /etc/ssh/ssh_host_rsa_key.pub.
[[0;32m  OK  [0m] Started Initial cloud-init job (metadata service crawler).
[[0;32m  OK  [0m] Reached target Network is Online.
[   21.940624] cloud-init[648]: The key fingerprint is:
         [   21.972529] cloud-init[648]: SHA256:3xVkB2doctnv7U6ffeZFPXi3xo6fz7u+RxMk/KVFb6Q root@ubuntu-bionic
Starting Availability of block devices...
[[0;32m  OK  [0m] Reached target Remote File Systems (Pre).
[[0;32m  OK  [0m] Reached target Remote File Systems.[   21.982240] cloud-init[648]: The key's randomart image is:

[[0;32m  OK  [0m] Reached target System Initialization.
[[0;32m  OK  [0m] Started Daily Cleanup of Temporary Directories.
[[0;32m  OK  [0m] Started Daily apt download activities.
         Starting LXD - unix socket.
[   22.027277] cloud-init[648]: +---[RSA 2048]----+
[[0;32m  OK  [0m] Started Message of the Day.
[   22.030763] cloud-init[648]: |            . +**|
[[0;32m  OK  [0m] Started ACPI Events Check.
[   22.036384] cloud-init[648]: |            .==B=|
[   22.038433] cloud-init[648]: |             +Eo=|
[[0;32m  OK  [0m] Started Daily apt upgrade and clean activities.
[[0;32m  OK  [0m] Started Discard unused blocks once a week.
[[0;32m  OK  [0m] Reached target Timers.
[   22.055344] cloud-init[[0;32m  OK  [0m] Listening on ACPID Listen Socket.
[648]: |              o=o|
[   22.059107] cloud-init[648]: |        S    ..+*|[[0;32m  OK  [0m] Listening on UUID daemon activation socket.
[[0;32m  OK  [0m] Listening on Open-iSCSI iscsid Socket.

         Starting Socket activation for snappy daemon.
[[0;32m  OK  [0m] Listening on D-Bus System Message Bus Socket.
[   22.083126] cloud-init[648]: |         . . .ooB|
[   22.088456] cloud-init[648]: |          . .  *+|
[   22.090521] cloud-init[648]: |              +o@|
[[0;32m  OK  [0m] Reached target Paths.
[[0;32m  OK  [0m] Reached target Cloud-config availability.
[   22.093851] cloud-init[648]: |             .o&#|
[[0;32m  OK  [0m] Started Availability of block devices.
[   22.099534] cloud-init[648]: +----[SHA256]-----+
[[0;32m  OK  [0m] Listening on LXD - unix socket.
[   22.102669] cloud-init[648]: Generating public/private dsa key pair.
[[0;32m  OK  [0m] Listening on Socket activation for snappy daemon.
[   22.106324] cloud-init[648]: Your identification has been saved in /etc/ssh/ssh_host_dsa_key.[[0;32m  OK  [0m] Reached target Sockets.
[[0;32m  OK  [0m] Reached target Basic System.

         Starting Login Service...
[   22.120359] cloud-init[648]: Your public key has been saved in /etc/ssh/ssh_host_dsa_key.pub.
[[0;32m  OK  [0m] Started Deferred execution scheduler.[   22.157039] cloud-init[648]: The key fingerprint is:
[   22.159149] cloud-init[648]: SHA256:8gePiExSeKjVmM2N0tA/rGMA+FZZyyFEwgaES1/rRDY root@ubuntu-bionic
[   22.160232] cloud-init[648]: The key's randomart image is:
[   22.160364] cloud-init[648]: +---[DSA 1024]----+
[   22.160486] cloud-init[648]: |=+o++oo          |
[   22.160627] cloud-init[648]: |+.o%+E o         |
[   22.160749] cloud-init[648]: |.=O.%o*          |

         Starting LSB: Record successful boot for GRUB...
[   22.161109] cloud-init[648]: |.o+= o+          |
[   22.197085] cloud-init         Starting Dispatcher daemon for systemd-networkd...
[[0;32m  OK  [0m] Started Regular background program processing daemon.
[648]: |....+...S        |
         [   22.239548] Starting Pollinate to seed the pseudo random number generator...
cloud-init[648]: |   ++o + +       |
[[0;32m  OK  [0m] Started D-Bus System Message Bus.[   22.250224] cloud-init[648]: |   .o.. o o      |

[   22.260707] cloud-init[648]: |         .       |
[   22.341248] cloud-init[648]: |                 |
[   22.345286] cloud-init[648]: +----[SHA256]-----+
[   22.347229] cloud-init[648]: Generating public/private ecdsa key pair.
[   22.349679] cloud-init[648]: Your identification has been saved in /etc/ssh/ssh_host_ecdsa_key.
[   22.378315] cloud-init[648]: Your public key has been saved in /etc/ssh/ssh_host_ecdsa_key.pub.
[   22.382322] cloud-init[648]: The key fingerprint is:
[   22.389951] cloud-init[648]: SHA256:3EyV5P6tnZTEbVA87rbgON7cglbdWbfGKL8llKyma+4 root@ubuntu-bionic
[   22.392723] cloud-init[648]: The key's randomart image is:
[   22.397415] cloud-init[648]: +---[ECDSA 256]---+
[   22.398856] cloud-init[648]: |           .o. ..|
[   22.410567] cloud-init[648]: |           o.  o.|
[   22.413741] cloud-init[648]: |          . . o .|
[   22.427419] cloud-init[648]: |       . + .. oo+|
[   22.429919] cloud-init[648]: |        S o .+=oO|
[   22.434547] cloud-init[648]: |           .o=.@o|
[   22.436672] cloud-init[648]: |           oB.=+o|
[   22.438634] cloud-init[648]: |         .o=o+=+.|
[   22.451760] cloud-init[648]: |        +E+..++o.|
[   22.453514] cloud-init[648]: +----[SHA256]-----+
[   22.480747] cloud-init[648]: Generating public/private ed25519 key pair.
[   22.492879] cloud-init[648]: Your identification has been saved in /etc/ssh/ssh_host_ed25519_key.
[   22.512792] cloud-init[648]: Your public key has been saved in /etc/ssh/ssh_host_ed25519_key.pub.
[   22.519697] cloud-init[648]: The key fingerprint is:
[   22.524765] cloud-init[648]: SHA256:etqtFw7eY2zHC+zPNtzfw9gOia54I5v2UAY3QAQuzFU root@ubuntu-bionic
[[0;32m  OK  [0m] Started Login Service.
[   22.542246] cloud-init[648]: The key's randomart image is:
[[   22.564637] cloud-init[648]: +--[ED25519 256]--+
[   22.565309] cloud-init[648]: |     o=E         |
[   22.565406] cloud-init[648]: |  o o   .        |
[   22.565479] cloud-init[648]: |   + . . o       |
[   22.565556] cloud-init[648]: |    .   o .      |
[   22.565627] cloud-init[648]: |        So       |
[   22.565704] cloud-init[648]: |       .+.. . .  |
[   22.565794] cloud-init[648]: |      .o.=o= ++  |
[   22.565875] cloud-init[648]: |       *==Xo*.o+.|
[   22.566690] cloud-init[648]: |      o+BB=*+o.o+|
[   22.566773] cloud-init[648]: +----[SHA256]-----+
[0;32m  OK  [0m] Started Unattended Upgrades Shutdown.
         Starting Snappy daemon...
[[0;32m  OK  [0m] Started irqbalance daemon.
         Starting LSB: automatic crash report generation...
         Starting Virtualbox guest utils...
         Starting Accounts Service...
         Starting System Logging Service...
         Starting Permit User Sessions...
[[0;32m  OK  [0m] Started FUSE filesystem for LXC.
         Starting LXD - container startup/shutdown...
[[0;32m  OK  [0m] Started Permit User Sessions.
         Starting Hold until boot process finishes up...
         Starting Terminate Plymouth Boot Screen...
[[0;32m  OK  [0m] Started Hold until boot process finishes up.
         Starting Set console scheme...
[[0;32m  OK  [0m] Started Serial Getty on ttyS0.
[[0;32m  OK  [0m] Started Terminate Plymouth Boot Screen.
[[0;32m  OK  [0m] Started Set console scheme.
[[0;32m  OK  [0m] Created slice system-getty.slice.
[[0;32m  OK  [0m] Started Getty on tty1.
[[0;32m  OK  [0m] Reached target Login Prompts.
[[0;32m  OK  [0m] Started LSB: automatic crash report generation.
[[0;32m  OK  [0m] Started LSB: Record successful boot for GRUB.
[[0;32m  OK  [0m] Started Dispatcher daemon for systemd-networkd.
[[0;32m  OK  [0m] Started System Logging Service.
         Starting Authorization Manager...
[[0;32m  OK  [0m] Started Virtualbox guest utils.
[[0;32m  OK  [0m] Started Authorization Manager.
[[0;32m  OK  [0m] Started Accounts Service.
[[0;32m  OK  [0m] Started LXD - container startup/shutdown.
[[0;32m  OK  [0m] Started Snappy daemon.
         Starting Wait until snapd is fully seeded...
[[0;32m  OK  [0m] Started Pollinate to seed the pseudo random number generator.
         Starting OpenBSD Secure Shell server...
[[0;32m  OK  [0m] Started OpenBSD Secure Shell server.

Ubuntu 18.04.3 LTS ubuntu-bionic ttyS0

ubuntu-bionic login: [   34.727566] cloud-init[1381]: Cloud-init v. 19.2-36-g059d049c-0ubuntu2~18.04.1 running 'modules:config' at Sat, 30 Nov 2019 15:13:32 +0000. Up 33.10 seconds.
ci-info: no authorized ssh keys fingerprints found for user ubuntu.
<14>Nov 30 15:13:35 ec2: 
<14>Nov 30 15:13:35 ec2: #############################################################
<14>Nov 30 15:13:35 ec2: -----BEGIN SSH HOST KEY FINGERPRINTS-----
<14>Nov 30 15:13:35 ec2: 1024 SHA256:8gePiExSeKjVmM2N0tA/rGMA+FZZyyFEwgaES1/rRDY root@ubuntu-bionic (DSA)
<14>Nov 30 15:13:35 ec2: 256 SHA256:3EyV5P6tnZTEbVA87rbgON7cglbdWbfGKL8llKyma+4 root@ubuntu-bionic (ECDSA)
<14>Nov 30 15:13:35 ec2: 256 SHA256:etqtFw7eY2zHC+zPNtzfw9gOia54I5v2UAY3QAQuzFU root@ubuntu-bionic (ED25519)
<14>Nov 30 15:13:35 ec2: 2048 SHA256:3xVkB2doctnv7U6ffeZFPXi3xo6fz7u+RxMk/KVFb6Q root@ubuntu-bionic (RSA)
<14>Nov 30 15:13:35 ec2: -----END SSH HOST KEY FINGERPRINTS-----
<14>Nov 30 15:13:35 ec2: #############################################################
-----BEGIN SSH HOST KEY KEYS-----
ecdsa-sha2-nistp256 AAAAE2VjZHNhLXNoYTItbmlzdHAyNTYAAAAIbmlzdHAyNTYAAABBBAFzLsOFu2C99tRv20NWpCvwGf8O3A9dGqYfGM9/zqHWMxX/9Gkpaed7cWUUMkJcb4A9SfpJ6QolvhbyHE/Cer4= root@ubuntu-bionic
ssh-ed25519 AAAAC3NzaC1lZDI1NTE5AAAAIOzW7AxV6qIZhvdgT9hFv0nU4AXu5fS553j2Wemd/3Ou root@ubuntu-bionic
ssh-rsa AAAAB3NzaC1yc2EAAAADAQABAAABAQCmSoHRg3TCjV649dORCCmUCsud2BXihIsZ6a+Aqy38SMebnFf3r1dtUzzGEzdt/OihNKjbzxj5yKIHefUKFvatL7oCn1dD+DwySmE3aPQEUXl0Qii5YsKrqomTKZKr4dxnDGiH+UG/cNW9hPxosmoHHTcdoBoqI5S2tpCydHBUQPdxyzd3+wvDkRo3xit/7wChhagROom49aciEBlUSgg82XiLHLksS0kIbuNaL63LCVu09kCnQVgx4yI2Nye6MKXCbURmlzxkYqBJJsFtqZs/+ueVTrwqquzuMpI4ifQBYoFkGJ1mJqiX7ntM1leXvkIx/bFHqr6rF38whoYfo/gP root@ubuntu-bionic
-----END SSH HOST KEY KEYS-----
[   36.240835] cloud-init[1554]: Cloud-init v. 19.2-36-g059d049c-0ubuntu2~18.04.1 running 'modules:final' at Sat, 30 Nov 2019 15:13:34 +0000. Up 35.83 seconds.
[   36.240986] cloud-init[1554]: ci-info: no authorized ssh keys fingerprints found for user ubuntu.
[   36.241056] cloud-init[1554]: Cloud-init v. 19.2-36-g059d049c-0ubuntu2~18.04.1 finished at Sat, 30 Nov 2019 15:13:35 +0000. Datasource DataSourceNoCloud [seed=/dev/sdb][dsmode=net].  Up 36.21 seconds
