[    0.000000] Linux version 4.15.0-70-generic (buildd@lgw01-amd64-055) (gcc version 7.4.0 (Ubuntu 7.4.0-1ubuntu1~18.04.1)) #79-Ubuntu SMP Tue Nov 12 10:36:11 UTC 2019 (Ubuntu 4.15.0-70.79-generic 4.15.18)
[    0.000000] Command line: BOOT_IMAGE=/boot/vmlinuz-4.15.0-70-generic root=LABEL=cloudimg-rootfs ro console=tty1 console=ttyS0
[    0.000000] KERNEL supported cpus:
[    0.000000]   Intel GenuineIntel
[    0.000000]   AMD AuthenticAMD
[    0.000000]   Centaur CentaurHauls
[    0.000000] x86/fpu: Supporting XSAVE feature 0x001: 'x87 floating point registers'
[    0.000000] x86/fpu: Supporting XSAVE feature 0x002: 'SSE registers'
[    0.000000] x86/fpu: Supporting XSAVE feature 0x004: 'AVX registers'
[    0.000000] x86/fpu: xstate_offset[2]:  576, xstate_sizes[2]:  256
[    0.000000] x86/fpu: Enabled xstate features 0x7, context size is 832 bytes, using 'standard' format.
[    0.000000] e820: BIOS-provided physical RAM map:
[    0.000000] BIOS-e820: [mem 0x0000000000000000-0x000000000009fbff] usable
[    0.000000] BIOS-e820: [mem 0x000000000009fc00-0x000000000009ffff] reserved
[    0.000000] BIOS-e820: [mem 0x00000000000f0000-0x00000000000fffff] reserved
[    0.000000] BIOS-e820: [mem 0x0000000000100000-0x000000003ffeffff] usable
[    0.000000] BIOS-e820: [mem 0x000000003fff0000-0x000000003fffffff] ACPI data
[    0.000000] BIOS-e820: [mem 0x00000000fec00000-0x00000000fec00fff] reserved
[    0.000000] BIOS-e820: [mem 0x00000000fee00000-0x00000000fee00fff] reserved
[    0.000000] BIOS-e820: [mem 0x00000000fffc0000-0x00000000ffffffff] reserved
[    0.000000] NX (Execute Disable) protection: active
[    0.000000] SMBIOS 2.5 present.
[    0.000000] DMI: innotek GmbH VirtualBox/VirtualBox, BIOS VirtualBox 12/01/2006
[    0.000000] Hypervisor detected: KVM
[    0.000000] e820: last_pfn = 0x3fff0 max_arch_pfn = 0x400000000
[    0.000000] MTRR: Disabled
[    0.000000] x86/PAT: MTRRs disabled, skipping PAT initialization too.
[    0.000000] CPU MTRRs all blank - virtualized system.
[    0.000000] x86/PAT: Configuration [0-7]: WB  WT  UC- UC  WB  WT  UC- UC  
[    0.000000] found SMP MP-table at [mem 0x0009fff0-0x0009ffff]
[    0.000000] Scanning 1 areas for low memory corruption
[    0.000000] RAMDISK: [mem 0x35a89000-0x36d3bfff]
[    0.000000] ACPI: Early table checksum verification disabled
[    0.000000] ACPI: RSDP 0x00000000000E0000 000024 (v02 VBOX  )
[    0.000000] ACPI: XSDT 0x000000003FFF0030 00003C (v01 VBOX   VBOXXSDT 00000001 ASL  00000061)
[    0.000000] ACPI: FACP 0x000000003FFF00F0 0000F4 (v04 VBOX   VBOXFACP 00000001 ASL  00000061)
[    0.000000] ACPI: DSDT 0x000000003FFF0470 0021FF (v02 VBOX   VBOXBIOS 00000002 INTL 20180105)
[    0.000000] ACPI: FACS 0x000000003FFF0200 000040
[    0.000000] ACPI: FACS 0x000000003FFF0200 000040
[    0.000000] ACPI: APIC 0x000000003FFF0240 00005C (v02 VBOX   VBOXAPIC 00000001 ASL  00000061)
[    0.000000] ACPI: SSDT 0x000000003FFF02A0 0001CC (v01 VBOX   VBOXCPUT 00000002 INTL 20180105)
[    0.000000] No NUMA configuration found
[    0.000000] Faking a node at [mem 0x0000000000000000-0x000000003ffeffff]
[    0.000000] NODE_DATA(0) allocated [mem 0x3ffc5000-0x3ffeffff]
[    0.000000] kvm-clock: cpu 0, msr 0:3ff44001, primary cpu clock
[    0.000000] kvm-clock: Using msrs 4b564d01 and 4b564d00
[    0.000000] kvm-clock: using sched offset of 3882435380 cycles
[    0.000000] clocksource: kvm-clock: mask: 0xffffffffffffffff max_cycles: 0x1cd42e4dffb, max_idle_ns: 881590591483 ns
[    0.000000] Zone ranges:
[    0.000000]   DMA      [mem 0x0000000000001000-0x0000000000ffffff]
[    0.000000]   DMA32    [mem 0x0000000001000000-0x000000003ffeffff]
[    0.000000]   Normal   empty
[    0.000000]   Device   empty
[    0.000000] Movable zone start for each node
[    0.000000] Early memory node ranges
[    0.000000]   node   0: [mem 0x0000000000001000-0x000000000009efff]
[    0.000000]   node   0: [mem 0x0000000000100000-0x000000003ffeffff]
[    0.000000] Reserved but unavailable: 98 pages
[    0.000000] Initmem setup node 0 [mem 0x0000000000001000-0x000000003ffeffff]
[    0.000000] ACPI: PM-Timer IO Port: 0x4008
[    0.000000] IOAPIC[0]: apic_id 2, version 32, address 0xfec00000, GSI 0-23
[    0.000000] ACPI: INT_SRC_OVR (bus 0 bus_irq 0 global_irq 2 dfl dfl)
[    0.000000] ACPI: INT_SRC_OVR (bus 0 bus_irq 9 global_irq 9 low level)
[    0.000000] Using ACPI (MADT) for SMP configuration information
[    0.000000] smpboot: Allowing 2 CPUs, 0 hotplug CPUs
[    0.000000] PM: Registered nosave memory: [mem 0x00000000-0x00000fff]
[    0.000000] PM: Registered nosave memory: [mem 0x0009f000-0x0009ffff]
[    0.000000] PM: Registered nosave memory: [mem 0x000a0000-0x000effff]
[    0.000000] PM: Registered nosave memory: [mem 0x000f0000-0x000fffff]
[    0.000000] e820: [mem 0x40000000-0xfebfffff] available for PCI devices
[    0.000000] Booting paravirtualized kernel on KVM
[    0.000000] clocksource: refined-jiffies: mask: 0xffffffff max_cycles: 0xffffffff, max_idle_ns: 7645519600211568 ns
[    0.000000] random: get_random_bytes called from start_kernel+0x99/0x4fd with crng_init=0
[    0.000000] setup_percpu: NR_CPUS:8192 nr_cpumask_bits:2 nr_cpu_ids:2 nr_node_ids:1
[    0.000000] percpu: Embedded 45 pages/cpu s147456 r8192 d28672 u1048576
[    0.000000] PV qspinlock hash table entries: 256 (order: 0, 4096 bytes)
[    0.000000] Built 1 zonelists, mobility grouping on.  Total pages: 257913
[    0.000000] Policy zone: DMA32
[    0.000000] Kernel command line: BOOT_IMAGE=/boot/vmlinuz-4.15.0-70-generic root=LABEL=cloudimg-rootfs ro console=tty1 console=ttyS0
[    0.000000] Memory: 983440K/1048120K available (12300K kernel code, 2481K rwdata, 4264K rodata, 2432K init, 2388K bss, 64680K reserved, 0K cma-reserved)
[    0.000000] SLUB: HWalign=64, Order=0-3, MinObjects=0, CPUs=2, Nodes=1
[    0.000000] Kernel/User page tables isolation: enabled
[    0.000000] ftrace: allocating 39315 entries in 154 pages
[    0.004000] Hierarchical RCU implementation.
[    0.004000] 	RCU restricting CPUs from NR_CPUS=8192 to nr_cpu_ids=2.
[    0.004000] 	Tasks RCU enabled.
[    0.004000] RCU: Adjusting geometry for rcu_fanout_leaf=16, nr_cpu_ids=2
[    0.004000] NR_IRQS: 524544, nr_irqs: 440, preallocated irqs: 16
[    0.004000] Console: colour VGA+ 80x25
[    0.004000] console [tty1] enabled
[    0.004000] console [ttyS0] enabled
[    0.004000] ACPI: Core revision 20170831
[    0.004000] ACPI: 2 ACPI AML tables successfully acquired and loaded
[    0.004000] APIC: Switch to symmetric I/O mode setup
[    0.004000] x2apic enabled
[    0.004000] Switched APIC routing to physical x2apic.
[    0.005452] ..TIMER: vector=0x30 apic1=0 pin1=2 apic2=-1 pin2=-1
[    0.008005] tsc: Detected 1696.158 MHz processor
[    0.009386] Calibrating delay loop (skipped) preset value.. 3392.31 BogoMIPS (lpj=6784632)
[    0.012006] pid_max: default: 32768 minimum: 301
[    0.013433] Security Framework initialized
[    0.016008] Yama: becoming mindful.
[    0.020060] AppArmor: AppArmor initialized
[    0.022549] Dentry cache hash table entries: 131072 (order: 8, 1048576 bytes)
[    0.024130] Inode-cache hash table entries: 65536 (order: 7, 524288 bytes)
[    0.028043] Mount-cache hash table entries: 2048 (order: 2, 16384 bytes)
[    0.030107] Mountpoint-cache hash table entries: 2048 (order: 2, 16384 bytes)
[    0.032449] Last level iTLB entries: 4KB 512, 2MB 8, 4MB 8
[    0.036006] Last level dTLB entries: 4KB 512, 2MB 32, 4MB 32, 1GB 0
[    0.037942] Spectre V1 : Mitigation: usercopy/swapgs barriers and __user pointer sanitization
[    0.040006] Spectre V2 : Mitigation: Full generic retpoline
[    0.041795] Spectre V2 : Spectre v2 / SpectreRSB mitigation: Filling RSB on context switch
[    0.044005] Speculative Store Bypass: Vulnerable
[    0.045560] MDS: Mitigation: Clear CPU buffers
[    0.048291] Freeing SMP alternatives memory: 36K
[    0.161250] smpboot: CPU0: Intel(R) Core(TM) i5-3317U CPU @ 1.70GHz (family: 0x6, model: 0x3a, stepping: 0x9)
[    0.164149] Performance Events: unsupported p6 CPU model 58 no PMU driver, software events only.
[    0.168080] Hierarchical SRCU implementation.
[    0.170193] NMI watchdog: Perf event create on CPU 0 failed with -2
[    0.172007] NMI watchdog: Perf NMI watchdog permanently disabled
[    0.173433] smp: Bringing up secondary CPUs ...
[    0.174580] x86: Booting SMP configuration:
[    0.176005] .... node  #0, CPUs:      #1
[    0.004000] kvm-clock: cpu 1, msr 0:3ff44041, secondary cpu clock
[    0.202339] smp: Brought up 1 node, 2 CPUs
[    0.204029] smpboot: Max logical packages: 1
[    0.208013] smpboot: Total of 2 processors activated (6784.63 BogoMIPS)
[    0.212226] devtmpfs: initialized
[    0.213143] x86/mm: Memory block size: 128MB
[    0.216259] evm: security.selinux
[    0.220007] evm: security.SMACK64
[    0.221014] evm: security.SMACK64EXEC
[    0.224004] evm: security.SMACK64TRANSMUTE
[    0.225207] evm: security.SMACK64MMAP
[    0.226322] evm: security.apparmor
[    0.228004] evm: security.ima
[    0.228915] evm: security.capability
[    0.230058] clocksource: jiffies: mask: 0xffffffff max_cycles: 0xffffffff, max_idle_ns: 7645041785100000 ns
[    0.232040] futex hash table entries: 512 (order: 3, 32768 bytes)
[    0.236837] pinctrl core: initialized pinctrl subsystem
[    0.238141] RTC time: 14:04:17, date: 11/30/19
[    0.239460] NET: Registered protocol family 16
[    0.240134] audit: initializing netlink subsys (disabled)
[    0.241354] audit: type=2000 audit(1575122662.126:1): state=initialized audit_enabled=0 res=1
[    0.248018] cpuidle: using governor ladder
[    0.252014] cpuidle: using governor menu
[    0.252977] ACPI: bus type PCI registered
[    0.253902] acpiphp: ACPI Hot Plug PCI Controller Driver version: 0.5
[    0.256036] PCI: Using configuration type 1 for base access
[    0.260371] HugeTLB registered 2.00 MiB page size, pre-allocated 0 pages
[    0.264202] ACPI: Added _OSI(Module Device)
[    0.268026] ACPI: Added _OSI(Processor Device)
[    0.272028] ACPI: Added _OSI(3.0 _SCP Extensions)
[    0.276012] ACPI: Added _OSI(Processor Aggregator Device)
[    0.280008] ACPI: Added _OSI(Linux-Dell-Video)
[    0.284017] ACPI: Added _OSI(Linux-Lenovo-NV-HDMI-Audio)
[    0.288014] ACPI: Added _OSI(Linux-HPI-Hybrid-Graphics)
[    0.292560] ACPI: Executed 1 blocks of module-level executable AML code
[    0.302826] ACPI: Interpreter enabled
[    0.304030] ACPI: (supports S0 S5)
[    0.305003] ACPI: Using IOAPIC for interrupt routing
[    0.306829] PCI: Using host bridge windows from ACPI; if necessary, use "pci=nocrs" and report a bug
[    0.308274] ACPI: Enabled 2 GPEs in block 00 to 07
[    0.325102] ACPI: PCI Root Bridge [PCI0] (domain 0000 [bus 00-ff])
[    0.328024] acpi PNP0A03:00: _OSC: OS supports [ASPM ClockPM Segments MSI]
[    0.332096] acpi PNP0A03:00: _OSC: not requesting OS control; OS requires [ExtendedConfig ASPM ClockPM MSI]
[    0.336044] acpi PNP0A03:00: fail to add MMCONFIG information, can't access extended PCI configuration space under this bridge.
[    0.340790] PCI host bridge to bus 0000:00
[    0.342171] pci_bus 0000:00: root bus resource [io  0x0000-0x0cf7 window]
[    0.344008] pci_bus 0000:00: root bus resource [io  0x0d00-0xffff window]
[    0.346083] pci_bus 0000:00: root bus resource [mem 0x000a0000-0x000bffff window]
[    0.348008] pci_bus 0000:00: root bus resource [mem 0x40000000-0xfdffffff window]
[    0.352013] pci_bus 0000:00: root bus resource [bus 00-ff]
[    0.359249] pci 0000:00:01.1: legacy IDE quirk: reg 0x10: [io  0x01f0-0x01f7]
[    0.360007] pci 0000:00:01.1: legacy IDE quirk: reg 0x14: [io  0x03f6]
[    0.362027] pci 0000:00:01.1: legacy IDE quirk: reg 0x18: [io  0x0170-0x0177]
[    0.364014] pci 0000:00:01.1: legacy IDE quirk: reg 0x1c: [io  0x0376]
[    0.402103] pci 0000:00:07.0: quirk: [io  0x4000-0x403f] claimed by PIIX4 ACPI
[    0.404043] pci 0000:00:07.0: quirk: [io  0x4100-0x410f] claimed by PIIX4 SMB
[    0.426293] ACPI: PCI Interrupt Link [LNKA] (IRQs 5 9 10 *11)
[    0.432591] ACPI: PCI Interrupt Link [LNKB] (IRQs 5 9 *10 11)
[    0.434689] ACPI: PCI Interrupt Link [LNKC] (IRQs 5 *9 10 11)
[    0.436275] ACPI: PCI Interrupt Link [LNKD] (IRQs 5 9 10 *11)
[    0.439033] SCSI subsystem initialized
[    0.440122] pci 0000:00:02.0: vgaarb: setting as boot VGA device
[    0.441955] pci 0000:00:02.0: vgaarb: VGA device added: decodes=io+mem,owns=io+mem,locks=none
[    0.444010] pci 0000:00:02.0: vgaarb: bridge control possible
[    0.445803] vgaarb: loaded
[    0.448065] ACPI: bus type USB registered
[    0.449430] usbcore: registered new interface driver usbfs
[    0.451194] usbcore: registered new interface driver hub
[    0.452047] usbcore: registered new device driver usb
[    0.453821] EDAC MC: Ver: 3.0.0
[    0.456486] PCI: Using ACPI for IRQ routing
[    0.460575] NetLabel: Initializing
[    0.461753] NetLabel:  domain hash size = 128
[    0.463178] NetLabel:  protocols = UNLABELED CIPSOv4 CALIPSO
[    0.464041] NetLabel:  unlabeled traffic allowed by default
[    0.465833] clocksource: Switched to clocksource kvm-clock
[    0.484705] VFS: Disk quotas dquot_6.6.0
[    0.489016] VFS: Dquot-cache hash table entries: 512 (order 0, 4096 bytes)
[    0.518446] AppArmor: AppArmor Filesystem Enabled
[    0.537466] pnp: PnP ACPI init
[    0.539615] pnp: PnP ACPI: found 3 devices
[   0.554839] clocksurce: acpi_pm: mask: 0xffffff max_cycles: 0xffffff, max_idle_ns: 2085701024 ns
[    0.614713] NET: Regstered protocol family 2

[    0.643433] TCP established hash table entries: 8192 (order: 4, 65536 bytes)
[    0.650921] TCP bind hash table entries: 8192 (order: 5, 131072 bytes)
[  0653533] TCP: Hash tables configured (established 8192 bind 8192)
[    0.743360] UDP hash table entries: 512 (order: 2, 16384 bytes)
[   0.745089] UDP-Lite hash table entries: 512 (order: 2, 16384 bytes)
[    0.774134] NET: Registered protocol family 1
[    0.775262] pci 0000:00:00.0: Limiting direct PCI/PCI transfers
[    0.776602] pci 0000:00:01.0: Activating ISA DMA hang workarounds
[    0.777976] pci 0000:00:02.0: Video device with shadowed ROM at [mem 0x000c0000-0x000dffff]
[    0.779935] Unpacking initramfs...

[    1.102359] Freeing initrd memory: 19148K
[    1.110187] clocksource: tsc: mask: 0xffffffffffffffff max_cycles: 0x1872f9e1c07, max_idle_ns: 440795251747 ns
[    1.114127] platform rtc_cmos: registered platform RTC device (no PNP device found)
[    1.116599] Scanning for low memory corruption every 60 seconds
[    1.119643] Initialise system trusted keyrings
[    1.121158] Key type blacklist registered
[    1.127994] workingset: timestamp_bits=36 max_order=18 bucket_order=0
[    1.132323] zbud: loaded
[    1.134258] squashfs: version 4.0 (2009/01/31) Phillip Lougher
[    1.136511] fuse init (API version 7.26)
[    1.141993] Key type asymmetric registered
[    1.143214] Asymmetric key parser 'x509' registered
[    1.150008] Block layer SCSI generic (bsg) driver version 0.4 loaded (major 246)
[    1.153797] io scheduler noop registered
[    1.154708] io scheduler deadline registered
[    1.155707] io scheduler cfq registered (default)
[    1.157202] ACPI: AC Adapter [AC] (on-line)
[    1.163664] input: Power Button as /devices/LNXSYSTM:00/LNXPWRBN:00/input/input0
[    1.165525] ACPI: Power Button [PWRF]
[    1.166466] input: Sleep Button as /devices/LNXSYSTM:00/LNXSLPBN:00/input/input1
[    1.168142] ACPI: Sleep Button [SLPF]
[    1.170669] ACPI: Battery Slot [BAT0] (battery present)
[    1.172292] Serial: 8250/16550 driver, 32 ports, IRQ sharing enabled
[    1.198753] 00:02: ttyS0 at I/O 0x3f8 (irq = 4, base_baud = 115200) is a 16550A
[    1.206797] Linux agpgart interface v0.103
[    1.211455] loop: module loaded
[    1.238882] scsi host0: ata_piix
[    1.256373] scsi host1: ata_piix
[    1.257274] ata1: PATA max UDMA/33 cmd 0x1f0 ctl 0x3f6 bmdma 0xd000 irq 14
[    1.266810] ata2: PATA max UDMA/33 cmd 0x170 ctl 0x376 bmdma 0xd008 irq 15
[    1.269872] libphy: Fixed MDIO Bus: probed
[    1.271243] tun: Universal TUN/TAP device driver, 1.6
[    1.273020] PPP generic driver version 2.4.2
[    1.275905] ehci_hcd: USB 2.0 'Enhanced' Host Controller (EHCI) Driver
[    1.278042] ehci-pci: EHCI PCI platform driver
[    1.279555] ehci-platform: EHCI generic platform driver
[    1.281315] ohci_hcd: USB 1.1 'Open' Host Controller (OHCI) Driver
[    1.283257] ohci-pci: OHCI PCI platform driver
[    1.284789] ohci-platform: OHCI generic platform driver
[    1.286493] uhci_hcd: USB Universal Host Controller Interface driver
[    1.288608] i8042: PNP: PS/2 Controller [PNP0303:PS2K,PNP0f03:PS2M] at 0x60,0x64 irq 1,12
[    1.292090] serio: i8042 KBD port at 0x60,0x64 irq 1
[    1.293862] serio: i8042 AUX port at 0x60,0x64 irq 12
[    1.295720] mousedev: PS/2 mouse device common for all mice
[    1.298077] input: AT Translated Set 2 keyboard as /devices/platform/i8042/serio0/input/input2
[    1.327849] rtc_cmos rtc_cmos: rtc core: registered rtc_cmos as rtc0
[    1.355911] rtc_cmos rtc_cmos: alarms up to one day, 114 bytes nvram
[    1.370235] i2c /dev entries driver
[    1.413788] device-mapper: uevent: version 1.0.3
[    1.420857] device-mapper: ioctl: 4.37.0-ioctl (2017-09-20) initialised: dm-devel@redhat.com
[    1.428810] ledtrig-cpu: registered to indicate activity on CPUs
[    1.436460] NET: Registered protocol family 10
[    1.449173] Segment Routing with IPv6
[    1.450509] NET: Registered protocol family 17
[    1.452114] Key type dns_resolver registered
[    1.453875] mce: Using 0 MCE banks
[    1.455058] RAS: Correctable Errors collector initialized.
[    1.456832] sched_clock: Marking stable (1456791635, 0)->(2039850814, -583059179)
[    1.465478] registered taskstats version 1
[    1.466864] Loading compiled-in X.509 certificates
[    1.472533] Loaded X.509 cert 'Build time autogenerated kernel key: 1859b0531897959199376c446a0bd70df75fd1fc'
[    1.476841] zswap: loaded using pool lzo/zbud
[    1.483575] Key type big_key registered
[    1.484955] Key type trusted registered
[    1.491983] Key type encrypted registered
[    1.493425] AppArmor: AppArmor sha1 policy hashing enabled
[    1.495159] ima: No TPM chip found, activating TPM-bypass! (rc=-19)
[    1.497155] ima: Allocated hash algorithm: sha1
[    1.498678] evm: HMAC attrs: 0x1
[    1.500294]   Magic number: 11:284:82
[    1.501691] rtc_cmos rtc_cmos: setting system clock to 2019-11-30 14:04:18 UTC (1575122658)
[    1.504599] BIOS EDD facility v0.16 2004-Jun-25, 0 devices found
[    1.506494] EDD information not available.
[    1.512981] Freeing unused kernel image memory: 2432K
[    1.532260] Write protecting the kernel read-only data: 20480k
[    1.547094] Freeing unused kernel image memory: 2008K
[    1.549397] Freeing unused kernel image memory: 1880K
[    1.561144] x86/mm: Checked W+X mappings: passed, no W+X pages found.
[    1.567088] x86/mm: Checking user space page tables
[    1.577352] x86/mm: Checked W+X mappings: passed, no W+X pages found.
Loading, please wait...
starting version 237
[    1.707979] Fusion MPT base driver 3.04.20
[    1.765855] Copyright (c) 1999-2008 LSI Corporation
[    1.814420] e1000: Intel(R) PRO/1000 Network Driver - version 7.3.21-k8-NAPI
[    1.837025] e1000: Copyright (c) 1999-2006 Intel Corporation.
[    1.854319] Fusion MPT SPI Host driver 3.04.20
[    1.868097] AVX version of gcm_enc/dec engaged.
[    1.870087] AES CTR mode by8 optimization enabled
[    2.043263] input: ImExPS/2 Generic Explorer Mouse as /devices/platform/i8042/serio1/input/input4
[    2.261377] e1000 0000:00:03.0 eth0: (PCI:33MHz:32-bit) 02:83:96:c1:64:f9
[    2.263410] e1000 0000:00:03.0 eth0: Intel(R) PRO/1000 Network Connection
[    2.676684] e1000 0000:00:08.0 eth1: (PCI:33MHz:32-bit) 08:00:27:71:46:65
[    2.678432] e1000 0000:00:08.0 eth1: Intel(R) PRO/1000 Network Connection
[    2.681478] e1000 0000:00:03.0 enp0s3: renamed from eth0
[    2.684043] mptbase: ioc0: Initiating bringup
[    2.697241] e1000 0000:00:08.0 enp0s8: renamed from eth1
[    2.784944] ioc0: LSI53C1030 A0: Capabilities={Initiator}
[    3.050269] scsi host2: ioc0: LSI53C1030 A0, FwRev=00000000h, Ports=1, MaxQ=256, IRQ=20
[    3.244795] scsi 2:0:0:0: Direct-Access     VBOX     HARDDISK         1.0  PQ: 0 ANSI: 5
[    3.316226] scsi target2:0:0: Beginning Domain Validation
[    3.389283] scsi target2:0:0: Domain Validation skipping write tests
[    3.391206] scsi target2:0:0: Ending Domain Validation
[    3.392560] scsi target2:0:0: asynchronous
[    3.394505] scsi 2:0:1:0: Direct-Access     VBOX     HARDDISK         1.0  PQ: 0 ANSI: 5
[    3.428247] scsi target2:0:1: Beginning Domain Validation
[    3.458905] random: fast init done
[    3.461050] scsi target2:0:1: Domain Validation skipping write tests
[    3.462968] scsi target2:0:1: Ending Domain Validation
[    3.464639] scsi target2:0:1: asynchronous
[    3.473226] random: systemd-udevd: uninitialized urandom read (16 bytes read)
[    3.482048] sd 2:0:0:0: Attached scsi generic sg0 type 0
[    3.482359] sd 2:0:0:0: [sda] 20971520 512-byte logical blocks: (10.7 GB/10.0 GiB)
[    3.483671] random: systemd-udevd: uninitialized urandom read (16 bytes read)
[    3.486229] sd 2:0:0:0: [sda] Write Protect is off
[    3.488140] random: systemd-udevd: uninitialized urandom read (16 bytes read)
[    3.507007] sd 2:0:0:0: [sda] Incomplete mode parameter data
[    3.515911] sd 2:0:0:0: [sda] Assuming drive cache: write through
[    3.517979] sd 2:0:1:0: [sdb] 20480 512-byte logical blocks: (10.5 MB/10.0 MiB)
[    3.518099] sd 2:0:1:0: Attached scsi generic sg1 type 0
[    3.521972] sd 2:0:1:0: [sdb] Write Protect is off
[    3.525082] sd 2:0:1:0: [sdb] Incomplete mode parameter data
[    3.526758] sd 2:0:1:0: [sdb] Assuming drive cache: write through
[    3.537637]  sda: sda1
[    3.549411] sd 2:0:0:0: [sda] Attached SCSI disk
[    3.586798] sd 2:0:1:0: [sdb] Attached SCSI disk
Begin: Loading essential drivers ... [    5.235227] raid6: sse2x1   gen()  8275 MB/s
[    5.305176] raid6: sse2x1   xor()  4731 MB/s
[    5.356050] raid6: sse2x2   gen()  8574 MB/s
[    5.415236] raid6: sse2x2   xor()  5705 MB/s
[    5.472276] raid6: sse2x4   gen() 10191 MB/s
[    5.532651] raid6: sse2x4   xor()  7033 MB/s
[    5.535675] raid6: using algorithm sse2x4 gen() 10191 MB/s
[    5.536923] raid6: .... xor() 7033 MB/s, rmw enabled
[    5.538365] raid6: using ssse3x2 recovery algorithm
[    5.559094] xor: automatically using best checksumming function   avx       
[    5.569640] async_tx: api initialized (async)
done.
Begin: Running /scripts/init-premount ... done.
Begin: Mounting root file system ... Begin: Running /scripts/local-top ... done.
Begin: Running /scripts/local-premount ... [    5.646303] Btrfs loaded, crc32c=crc32c-intel
Scanning for Btrfs filesystems
done.
Warning: fsck not present, so skipping root file system
[    5.716120] EXT4-fs (sda1): mounted filesystem with ordered data mode. Opts: (null)
done.
Begin: Running /scripts/local-bottom ... done.
Begin: Running /scripts/init-bottom ... done.
[    6.798565] ip_tables: (C) 2000-2006 Netfilter Core Team
[    6.887631] systemd[1]: systemd 237 running in system mode. (+PAM +AUDIT +SELINUX +IMA +APPARMOR +SMACK +SYSVINIT +UTMP +LIBCRYPTSETUP +GCRYPT +GNUTLS +ACL +XZ +LZ4 +SECCOMP +BLKID +ELFUTILS +KMOD -IDN2 +IDN -PCRE2 default-hierarchy=hybrid)
[    7.136331] systemd[1]: Detected virtualization oracle.
[    7.142920] systemd[1]: Detected architecture x86-64.

Welcome to [1mUbuntu 18.04.3 LTS[0m!

[    7.180278] systemd[1]: Set hostname to <ubuntu>.
[    7.215384] systemd[1]: Initializing machine ID from random generator.
[    7.526752] systemd[1]: Installed transient /etc/machine-id file.
[    8.545324] random: crng init done
[    8.552273] random: 7 urandom warning(s) missed due to ratelimiting
[    9.127251] systemd[1]: Started Forward Password Requests to Wall Directory Watch.
[[0;32m  OK  [0m] Started Forward Password Requests to Wall Directory Watch.
[    9.160745] systemd[1]: Set up automount Arbitrary Executable File Formats File System Automount Point.
[[0;32m  OK  [0m] Set up automount Arbitrary Executabâ€¦rmats File System Automount Point.
[    9.541624] systemd[1]: Created slice User and Session Slice.
[[0;32m  OK  [0m] Created slice User and Session Slice.
[    9.547608] systemd[1]: Created slice System Slice.
[[0;32m  OK  [0m] Created slice System Slice.
[[0;32m  OK  [0m] Listening on Device-mapper event daemon FIFOs.
[[0;32m  OK  [0m] Listening on LVM2 metadata daemon socket.
[[0;32m  OK  [0m] Created slice system-serial\x2dgetty.slice.
[[0;32m  OK  [0m] Reached target Slices.
[[0;32m  OK  [0m] Listening on Syslog Socket.
[[0;32m  OK  [0m] Listening on Network Service Netlink Socket.
[[0;32m  OK  [0m] Listening on Journal Socket.
         Starting Uncomplicated firewall...
         Mounting Huge Pages File System...
         Mounting Kernel Debug File System...
         Starting Monitoring of LVM2 mirrorsâ€¦ng dmeventd or progress polling...
         Mounting POSIX Message Queue File System...
         Starting Load Kernel Modules...
[[0;32m  OK  [0m] Listening on udev Kernel Socket.
[[0;32m  OK  [0m] Listening on /dev/initctl Compatibility Named Pipe.
[[0;32m  OK  [0m] Listening on udev Control Socket.
         Starting udev Coldplug all Devices...
[[0;32m  OK  [0m] Reached target System Time Synchronized.
         Starting Set the console keyboard layout...
[[0;32m  OK  [0m] Listening on LVM2 poll daemon socket.
         Starting Remount Root and Kernel File Systems...
         Starting Create list of required stâ€¦ce nodes for the current kernel...
[[0;32m  OK  [0m] Listening on Journal Socket (/dev/log).
[[0;32m  OK  [0m] Listening on Journal Audit Socket.
         Starting Journal Service...
[[0;32m  OK  [0m] Reached target User and Group Name Lookups.
[[0;32m  OK  [0m] Reached target Swap.
[[0;32m  OK  [0m] Started Uncomplicated firewall.
[[0;32m  OK  [0m] Mounted Huge Pages File System.
[[0;32m  OK  [0m] Mounted Kernel Debug File System.
[[0;32m  OK  [0m] Mounted POSIX Message Queue File System.
[    9.854156] Loading iSCSI transport class v2.0-870.
[[0;32m  OK  [0m] Started Create list of required staâ€¦vice nodes for the current kernel.
[[0;32m  OK  [0m] Started udev Coldplug all Devices.
         Starting Create Static Device Nodes in /dev...
[   10.316037] EXT4-fs (sda1): re-mounted. Opts: (null)
[[0;32m  OK  [0m] Started Remount Root and Kernel File Systems.
[   10.427287] iscsi: registered transport (tcp)
         Starting Load/Save Random Seed...
[[0;32m  OK  [0m] Started Journal Service.
[[0;32m  OK  [0m] Started LVM2 metadata daemon.
         Startin[   10.580491] iscsi: registered transport (iser)
g Flush Journal to Persistent Storage...
[[0;32m  OK  [0m] Started Load Kernel Modules.
[[0;32m  OK  [0m] Started Set the console keyboard layout.
         Mounting FUSE Control File System...
         Starting Apply Kernel Variables...
         Mounting Kernel Configuration File System...
[[0;32m  OK  [0m] Mounted FUSE Control File System.
[[0;32m  OK  [0m] Mounted Kernel Configuration File System.
[   10.714758] systemd-journald[389]: Received request to flush runtime journal from PID 1
[[0;32m  OK  [0m] Started Create Static Device Nodes in /dev.
         Starting udev Kernel Device Manager...
[[0;32m  OK  [0m] Started Load/Save Random Seed.
[[0;32m  OK  [0m] Started Apply Kernel Variables.
[[0;32m  OK  [0m] Started Monitoring of LVM2 mirrors,â€¦sing dmeventd or progress polling.
[[0;32m  OK  [0m] Started Flush Journal to Persistent Storage.
[[0;32m  OK  [0m] Reached target Local File Systems (Pre).
[[0;32m  OK  [0m] Reached target Local File Systems.
         Starting Commit a transient machine-id on disk...
         Starting Tell Plymouth To Write Out Runtime Data...
         Starting Set console font and keymap...
         Starting ebtables ruleset management...
         Starting Create Volatile Files and Directories...
         Starting AppArmor initialization...
[[0;32m  OK  [0m] Started Tell Plymouth To Write Out Runtime Data.
[[0;32m  OK  [0m] Started Set console font and keymap.
[[0;32m  OK  [0m] Started udev Kernel Device Manager.
[[0;32m  OK  [0m] Started Dispatch Password Requests to Console Directory Watch.
[[0;32m  OK  [0m] Reached target Local Encrypted Volumes.
[[0;32m  OK  [0m] Started Commit a transient machine-id on disk.
[[0;32m  OK  [0m] Started Create Volatile Files and Directories.
         Starting Update UTMP about System Boot/Shutdown...
[[0;32m  OK  [0m] Started Update UTMP about System Boot/Shutdown.
[[0;32m  OK  [0m] Started ebtables ruleset management.
[[0;32m  OK  [0m] Found device /dev/ttyS0.
[[0;32m  OK  [0m] Listening on Load/Save RF Kill Switch Status /dev/rfkill Watch.
[[0;32m  OK  [0m] Started AppArmor initialization.
         Starting Initial cloud-init job (pre-networking)...
[   17.847075] cloud-init[538]: Cloud-init v. 19.2-36-g059d049c-0ubuntu2~18.04.1 running 'init-local' at Sat, 30 Nov 2019 14:04:34 +0000. Up 17.02 seconds.
[[0;32m  OK  [0m] Started Initial cloud-init job (pre-networking).
[[0;32m  OK  [0m] Reached target Network (Pre).
         Starting Network Service...
[[0;32m  OK  [0m] Started Network Service.
         Starting Wait for Network to be Configured...
         Starting Network Name Resolution...
[[0;32m  OK  [0m] Started Network Name Resolution.
[[0;32m  OK  [0m] Reached target Host and Network Name Lookups.
[[0;32m  OK  [0m] Reached target Network.
[[0;32m  OK  [0m] Started Wait for Network to be Configured.
         Starting Initial cloud-init job (metadata service crawler)...
[   20.376373] cloud-init[672]: Cloud-init v. 19.2-36-g059d049c-0ubuntu2~18.04.1 running 'init' at Sat, 30 Nov 2019 14:04:37 +0000. Up 20.09 seconds.
[   20.390078] cloud-init[672]: ci-info: ++++++++++++++++++++++++++++++++++++++Net device info+++++++++++++++++++++++++++++++++++++++
[   20.396922] cloud-init[672]: ci-info: +--------+-------+----------------------------+---------------+--------+-------------------+
[   20.399252] cloud-init[672]: ci-info: | Device |   Up  |          Address           |      Mask     | Scope  |     Hw-Address    |
[   20.401678] cloud-init[672]: ci-info: +--------+-------+----------------------------+---------------+--------+-------------------+
[   20.403951] cloud-init[672]: ci-info: | enp0s3 |  True |         10.0.2.15          | 255.255.255.0 | global | 02:83:96:c1:64:f9 |
[   20.406272] cloud-init[672]: ci-info: | enp0s3 |  True | fe80::83:96ff:fec1:64f9/64 |       .       |  link  | 02:83:96:c1:64:f9 |
[   20.408635] cloud-init[672]: ci-info: | enp0s8 | False |             .              |       .       |   .    | 08:00:27:71:46:65 |
[   20.410909] cloud-init[672]: ci-info: |   lo   |  True |         127.0.0.1          |   255.0.0.0   |  host  |         .         |
[   20.413273] cloud-init[672]: ci-info: |   lo   |  True |          ::1/128           |       .       |  host  |         .         |
[   20.422114] cloud-init[672]: ci-info: +--------+-------+----------------------------+---------------+--------+-------------------+
[   20.442837] cloud-init[672]: ci-info: ++++++++++++++++++++++++++++Route IPv4 info+++++++++++++++++++++++++++++
[   20.445387] cloud-init[672]: ci-info: +-------+-------------+----------+-----------------+-----------+-------+
[   20.460253] cloud-init[672]: ci-info: | Route | Destination | Gateway  |     Genmask     | Interface | Flags |
[   20.463126] cloud-init[672]: ci-info: +-------+-------------+----------+-----------------+-----------+-------+
[   20.465688] cloud-init[672]: ci-info: |   0   |   0.0.0.0   | 10.0.2.2 |     0.0.0.0     |   enp0s3  |   UG  |
[   20.468294] cloud-init[672]: ci-info: |   1   |   10.0.2.0  | 0.0.0.0  |  255.255.255.0  |   enp0s3  |   U   |
[   20.476276] cloud-init[672]: ci-info: |   2   |   10.0.2.2  | 0.0.0.0  | 255.255.255.255 |   enp0s3  |   UH  |
[   20.478961] cloud-init[672]: ci-info: +-------+-------------+----------+-----------------+-----------+-------+
[   20.493266] cloud-init[672]: ci-info: +++++++++++++++++++Route IPv6 info+++++++++++++++++++
[   20.495363] cloud-init[672]: ci-info: +-------+-------------+---------+-----------+-------+
[   20.503420] cloud-init[672]: ci-info: | Route | Destination | Gateway | Interface | Flags |
[   20.505678] cloud-init[672]: ci-info: +-------+-------------+---------+-----------+-------+
[   20.536354] cloud-init[672]: ci-info: |   1   |  fe80::/64  |    ::   |   enp0s3  |   U   |
[   20.547586] cloud-init[672]: ci-info: |   3   |    local    |    ::   |   enp0s3  |   U   |
[   20.569464] cloud-init[672]: ci-info: |   4   |   ff00::/8  |    ::   |   enp0s3  |   U   |
[   20.571689] cloud-init[672]: ci-info: +-------+-------------+---------+-----------+-------+
[   22.086315] cloud-init[672]: Generating public/private rsa key pair.
[   22.116402] cloud-init[672]: Your identification has been saved in /etc/ssh/ssh_host_rsa_key.
[   22.123429] cloud-init[672]: Your public key has been saved in /etc/ssh/ssh_host_rsa_key.pub.
[   22.148330] cloud-init[672]: The key fingerprint is:
[[0;32m  OK  [0m] Started Initial cloud-init job (metadata service crawler).
[   22.173012] cloud-init[[0;32m  OK  [0m] Reached target System Initialization.
[[0;32m  OK  [0m] Started Daily apt download activities.
[[0;32m  OK  [0m] Listening on UUID daemon activation socket.
[[0;32m  OK  [0m] Listening on Open-iSCSI iscsid Socket.
[[0;32m  OK  [0m] Started Discard unused blocks once a week.
[[0;32m  OK  [0m] Listening on D-Bus System Message Bus Socket.
[[0;32m  OK  [0m] Started Daily Cleanup of Temporary Directories.
[672]: SHA256:m79d1KdOcwN0otF6HcUb5cdceX+cqrVLqRKkell5SC8 root@ubuntu-bionic
[[0;32m  OK  [0m] Started Daily apt upgrade and clean activities.
[   22.203376] [[0;32m  OK  [0m] Listening on ACPID Listen Socket.
[[0;32m  OK  [0m] Started Message of the Day.
[[0;32m  OK  [0m] Reached target Timers.
cloud-init[672]: The key's randomart image is:
[   22.211125] cloud-init[672]: +---[RSA 2048]----+
[   22.213232] cloud-init[672]: |               .*|
[   22.215183] cloud-init[672]: |            .  *=|
[   22.217206] cloud-init[672]: |           . + +@|
[   22.219150] cloud-init[672]: |         o  = ++*|
[   22.221147] cloud-init[672]: |        S +o oo.+|
[   22.223069] cloud-init[672]: |       . E o.+o..|
[[0;32m  OK  [0m] Started ACPI Events Check.
[   22.249652] [[0;32m  OK  [0m] Reached target Paths.
cloud-init[672]: |      . = + oo*..|
         Starting LXD - unix socket.
[   22.309907] cloud-init[672]: |     . o o oo= o.|
         Starting Socket activation for snappy daemon.
[[0;32m  OK  [0m] Reached target Cloud-config availability.
[[0;32m  OK  [0m] Reached target Network is Online.
[   22.317955] cloud-init[672]: |      .   +o..o  |
[   22.322770]          Starting Availability of block devices...
[[0;32m  OK  [0m] Reached target Remote File Systems (Pre).
[[0;32m  OK  [0m] Reached target Remote File Systems.
[[0;32m  OK  [0m] Listening on LXD - unix socket.
[[0;32m  OK  [0m] Listening on Socket activation for snappy daemon.
[[0;32m  OK  [0m] Reached target Sockets.
[[0;32m  OK  [0m] Reached target Basic System.
cloud-init[672]: +----[SHA256]-----+
         Starting Login Service...
[   22.366048] cloud-init[672]: Generating public/private dsa key pair.[[0;32m  OK  [0m] Started Deferred execution scheduler.
         Starting Permit User Sessions...

[   22.380491] cloud-init[672]: Your identification has been saved in /etc/ssh/ssh_host_dsa_key.
[[0;32m  OK  [0m] Started irqbalance daemon.
[   22.390063] cloud-init[672]: Your public key has been saved in /etc/ssh/ssh_host_dsa_key.pub.
[   22.393624] cloud-init[672]: The key fingerprint is:
[   22.396207] cloud-init[672]: SHA256:e5EKJtm0KhrmIgVFy0o1yg7uiNR/3CXjpLk9z2ZD8jY root@ubuntu-bionic
[   22.399444] cloud-init[672]: The key's randomart image is:
[   22.406106] cloud-init[672]: +---[DSA 1024]----+
[   22.408630] cloud-init[672]: | ..o             |
[   22.410050] cloud-init[672]: |..+..            |
[   22.411437] cloud-init[672]: |.=o   .          |
[   22.415039] cloud-init[672]: |*..  + .   .     |
[   22.416999] cloud-init[672]: |.= .o = S+o.     |
[   22.418449] cloud-init[672]: |= . .+..*++o     |
[   22.419818] cloud-init[672]: |++. .. =oo=      |
[   22.421511] cloud-init[672]: |=o .  . oo.E     |
[   22.423264] cloud-init[672]: |+.     . .*oo    |
[   22.425189] cloud-init[672]: +----[SHA256]-----+
[   22.426795] cloud-init[672]: Generating public/private ecdsa key pair.
[   22.428889] cloud-init[672]: Your identification has been saved in /etc/ssh/ssh_host_ecdsa_key.
[   22.431221] cloud-init[672]: Your public key has been saved in /etc/ssh/ssh_host_ecdsa_key.pub.
[   22.435335] cloud-init[672]: The key fingerprint is:
[   22.455017] cloud-init[672]: SHA256:5Byb+forZUgzgT4RAgwmxeCH0gLX2tA8F6mSRBuO9bg root@ubuntu-bionic
[   22.459406] cloud-init[672]: The key's randomart image is:
[   22.461137] cloud-init[672]: +---[ECDSA 256]---+
[   22.462631] cloud-init[672]: |=OB=. o=         |
[   22.464196] cloud-init[672]: |=**==.= .        |
[   22.465728] cloud-init[672]: |++=*.= .o.       |
[   22.488726] cloud-init[672]: |..=.o o++=       |
[   22.490164] cloud-init[672]: |  E.   oS+       |
[   22.497922] cloud-init[672]: |        ..o      |
[   22.499213] cloud-init[672]: |         o.      |
[   22.500699] cloud-init[672]: |        ..       |
[   22.506910] cloud-init[672]: |        .oo.     |
[   22.526434] cloud-init[672]: +----[SHA256]-----+
[   22.527763] cloud-init[672]: Generating public/private ed25519 key pair.
[   22.529551] cloud-init[672]: Your identification has been saved in /etc/ssh/ssh_host_ed25519_key.
[   22.531345] cloud-init[672]: Your public key has been saved in /etc/ssh/ssh_host_ed25519_key.pub.
[[0;32m  OK  [0m] Started Regular background program processing daemon.
[   22.558195] cloud-init[672]: The key fingerprint is:
[[0;32m  OK  [0m] Started FUSE filesystem for LXC.
[   22.570881] [[0;32m  OK  [0m] Started D-Bus System Message Bus.
cloud-init[672]: SHA256:QXIabTVbczBHUd2ph9kulvf9KoCWn/VSDKSf3xIXLnQ root@ubuntu-bionic
[   22.601168] cloud-init[672]: The key's randomart image is:
[   22.602643] cloud-init[672]: +--[ED25519 256]--+
[   22.603853] cloud-init[672]: |      o.o.o =o=o=|
[   22.606260] cloud-init[672]: |       *o  +.= .o|
[   22.633589] cloud-init[672]: |      ... .o  =  |
[   22.635893] cloud-init[672]: |         .. .= E |
[   22.652167] cloud-init[672]: |        So ..+* .|
[   22.653321] cloud-init[672]: |        + . +=++.|
[   22.654413] cloud-init[672]: |       . . +.+++o|
[   22.655934] cloud-init[672]: |          o o + +|
[   22.676259] cloud-init[672]: |             o.oo|
[   22.677888] cloud-init[672]: +----[SHA256]-----+
[[0;32m  OK  [0m] Started Login Service.
[[0;32m  OK  [0m] Started Unattended Upgrades Shutdown.
         Starting LSB: Record successful boot for GRUB...
         Starting Pollinate to seed the pseudo random number generator...
         Starting LXD - container startup/shutdown...
         Starting System Logging Service...
         Starting Snappy daemon...
         Starting Virtualbox guest utils...
         Starting Accounts Service...
         Starting LSB: automatic crash report generation...
         Starting Dispatcher daemon for systemd-networkd...
[[0;32m  OK  [0m] Started System Logging Service.
[[0;32m  OK  [0m] Started Availability of block devices.
[[0;32m  OK  [0m] Started Permit User Sessions.
         Starting Terminate Plymouth Boot Screen...
         Starting Hold until boot process finishes up...
[[0;32m  OK  [0m] Started Terminate Plymouth Boot Screen.
[[0;32m  OK  [0m] Started Hold until boot process finishes up.
         Starting Set console scheme...
[[0;32m  OK  [0m] Started Serial Getty on ttyS0.
[[0;32m  OK  [0m] Started LSB: automatic crash report generation.
[[0;32m  OK  [0m] Started Set console scheme.
         Starting Authorization Manager...
[[0;32m  OK  [0m] Created slice system-getty.slice.
[[0;32m  OK  [0m] Started Getty on tty1.
[[0;32m  OK  [0m] Reached target Login Prompts.
[[0;32m  OK  [0m] Started LSB: Record successful boot for GRUB.
[[0;32m  OK  [0m] Started Dispatcher daemon for systemd-networkd.
[[0;32m  OK  [0m] Started Authorization Manager.
[[0;32m  OK  [0m] Started Accounts Service.
[[0;32m  OK  [0m] Started Virtualbox guest utils.
[[0;32m  OK  [0m] Started LXD - container startup/shutdown.

Ubuntu 18.04.3 LTS ubuntu-bionic ttyS0

ubuntu-bionic login: [   37.944380] cloud-init[1524]: Cloud-init v. 19.2-36-g059d049c-0ubuntu2~18.04.1 running 'modules:config' at Sat, 30 Nov 2019 14:04:53 +0000. Up 36.44 seconds.
ci-info: no authorized ssh keys fingerprints found for user ubuntu.
<14>Nov 30 14:04:55 ec2: 
<14>Nov 30 14:04:55 ec2: #############################################################
<14>Nov 30 14:04:55 ec2: -----BEGIN SSH HOST KEY FINGERPRINTS-----
<14>Nov 30 14:04:55 ec2: 1024 SHA256:e5EKJtm0KhrmIgVFy0o1yg7uiNR/3CXjpLk9z2ZD8jY root@ubuntu-bionic (DSA)
<14>Nov 30 14:04:55 ec2: 256 SHA256:5Byb+forZUgzgT4RAgwmxeCH0gLX2tA8F6mSRBuO9bg root@ubuntu-bionic (ECDSA)
<14>Nov 30 14:04:55 ec2: 256 SHA256:QXIabTVbczBHUd2ph9kulvf9KoCWn/VSDKSf3xIXLnQ root@ubuntu-bionic (ED25519)
<14>Nov 30 14:04:55 ec2: 2048 SHA256:m79d1KdOcwN0otF6HcUb5cdceX+cqrVLqRKkell5SC8 root@ubuntu-bionic (RSA)
<14>Nov 30 14:04:55 ec2: -----END SSH HOST KEY FINGERPRINTS-----
<14>Nov 30 14:04:55 ec2: #############################################################
-----BEGIN SSH HOST KEY KEYS-----
ecdsa-sha2-nistp256 AAAAE2VjZHNhLXNoYTItbmlzdHAyNTYAAAAIbmlzdHAyNTYAAABBBFWKz4hDZc6GFjmVGfcJi5p041rUhiZC46C2yEBinUHMleVLRMux+UHpWy6IRBH98IW1azLxzrS40BANu9maYQY= root@ubuntu-bionic
ssh-ed25519 AAAAC3NzaC1lZDI1NTE5AAAAIHyLMnGIuIrTxwWm1LeJHsNgSYdAEV5sZyBG/wnWpHTp root@ubuntu-bionic
ssh-rsa AAAAB3NzaC1yc2EAAAADAQABAAABAQDDvoh7x05vyMaKlhezw/t8NlbyX3APOoi/hY7CtYTbZTjPL7ndn6vgIsLfkykZR2z/Bfyrk/JkZVQZ42EbXOWVEYA5L7q/eUvwInLR61RpsHlznfxuktwEkGNgHHhVrYy8rorCmubiKTxUBfW9BwA08L2sUqKsbpMvkPxLZOh6bGeSWxfhQlowsbKpYAiEUCIbdBPaB9fVi4CGVnroEdQMQdxRfoOtUNaPecjAPa1nT8f4UJbVNjNvrgyfiLIzeTk7oXAH5govvqpYEc6AC8G1RR3TC9xtChZ+zj5pmU+JneuAJxyozLm36HdO3OgYd8oL15Mhw3Ev7St2d6KUCuz1 root@ubuntu-bionic
-----END SSH HOST KEY KEYS-----
[   38.965002] cloud-init[1679]: Cloud-init v. 19.2-36-g059d049c-0ubuntu2~18.04.1 running 'modules:final' at Sat, 30 Nov 2019 14:04:55 +0000. Up 38.67 seconds.
[   38.965143] cloud-init[1679]: ci-info: no authorized ssh keys fingerprints found for user ubuntu.
[   38.965260] cloud-init[1679]: Cloud-init v. 19.2-36-g059d049c-0ubuntu2~18.04.1 finished at Sat, 30 Nov 2019 14:04:55 +0000. Datasource DataSourceNoCloud [seed=/dev/sdb][dsmode=net].  Up 38.95 seconds
